2026-06-04 17:02:49 [INFO] vnstock (v2) loaded.
2026-06-04 17:02:49 [INFO] ========================================================================
2026-06-04 17:02:49 [INFO]   VIETNAM STOCK PANEL DATA COLLECTION
2026-06-04 17:02:49 [INFO]   Period : 2016-06-04  →  2026-06-04
2026-06-04 17:02:49 [INFO]   Stocks : up to 350  (HOSE, HNX)
2026-06-04 17:02:49 [INFO]   Rate   : ≤ 155 requests / minute
2026-06-04 17:02:49 [INFO] ========================================================================
2026-06-04 17:02:49 [INFO] Fetching stock universe…
2026-06-04 17:02:56 [WARNING] Exchange column not found — using full list.
2026-06-04 17:02:56 [INFO] Symbol list (350): ['DPP', 'SDA', 'CLH', 'DND', 'DBT', 'CCR', 'NOS', 'DPH', 'DSN', 'WSS', 'STC', 'CFM', 'VPG', 'DST', 'DCV']…
2026-06-04 17:02:56 [INFO] Fetching VN-Index…
2026-06-04 17:02:56 [INFO] Not a stock. Company and finance data unavailable.
2026-06-04 17:02:56 [WARNING] [VNINDEX] Attempt 1 failed: 'Trading' object has no attribute 'history'. Retry in 5s…
2026-06-04 17:03:01 [INFO] Not a stock. Company and finance data unavailable.
2026-06-04 17:03:01 [WARNING] [VNINDEX] Attempt 2 failed: 'Trading' object has no attribute 'history'. Retry in 10s…
2026-06-04 17:03:11 [INFO] Not a stock. Company and finance data unavailable.
2026-06-04 17:03:11 [ERROR] [VNINDEX] All 3 attempts failed: 'Trading' object has no attribute 'history'
2026-06-04 17:03:11 [WARNING] VN-Index unavailable — beta / idio_vol will be NaN.
2026-06-04 17:03:11 [INFO] Fetching macro data (World Bank)…
2026-06-04 17:03:15 [INFO] [  1/350] DPP
2026-06-04 17:03:17 [WARNING] [DPP] Attempt 1 failed: 'Trading' object has no attribute 'history'. Retry in 5s…
2026-06-04 17:03:23 [WARNING] [DPP] Attempt 2 failed: 'Trading' object has no attribute 'history'. Retry in 10s…
2026-06-04 17:03:35 [ERROR] [DPP] All 3 attempts failed: 'Trading' object has no attribute 'history'
2026-06-04 17:03:35 [WARNING] [DPP] Attempt 1 failed: Supported sources: KBS, VCI, MSN, FMP. Got: TCBS. Retry in 5s…
2026-06-04 17:03:40 [WARNING] [DPP] Attempt 2 failed: Supported sources: KBS, VCI, MSN, FMP. Got: TCBS. Retry in 10s…
2026-06-04 17:03:50 [ERROR] [DPP] All 3 attempts failed: Supported sources: KBS, VCI, MSN, FMP. Got: TCBS
2026-06-04 17:03:50 [WARNING] [DPP] Attempt 1 failed: Supported sources: KBS, VCI, MSN, FMP. Got: TCBS. Retry in 5s…
2026-06-04 17:03:55 [WARNING] [DPP] Attempt 2 failed: Supported sources: KBS, VCI, MSN, FMP. Got: TCBS. Retry in 10s…
2026-06-04 17:04:05 [ERROR] [DPP] All 3 attempts failed: Supported sources: KBS, VCI, MSN, FMP. Got: TCBS
2026-06-04 17:04:05 [WARNING] [DPP] Attempt 1 failed: Supported sources: KBS, VCI, MSN, FMP. Got: TCBS. Retry in 5s…
2026-06-04 17:04:10 [WARNING] [DPP] Attempt 2 failed: Supported sources: KBS, VCI, MSN, FMP. Got: TCBS. Retry in 10s…
2026-06-04 17:04:20 [ERROR] [DPP] All 3 attempts failed: Supported sources: KBS, VCI, MSN, FMP. Got: TCBS
2026-06-04 17:04:20 [WARNING] [DPP] Attempt 1 failed: Supported sources: KBS, VCI, MSN, FMP. Got: TCBS. Retry in 5s…
2026-06-04 17:04:25 [WARNING] [DPP] Attempt 2 failed: Supported sources: KBS, VCI, MSN, FMP. Got: TCBS. Retry in 10s…
2026-06-04 17:04:35 [ERROR] [DPP] All 3 attempts failed: Supported sources: KBS, VCI, MSN, FMP. Got: TCBS
2026-06-04 17:04:35 [WARNING] [DPP] Attempt 1 failed: Supported sources: KBS, VCI, MSN, FMP. Got: TCBS. Retry in 5s…
2026-06-04 17:04:40 [WARNING] [DPP] Attempt 2 failed: Supported sources: KBS, VCI, MSN, FMP. Got: TCBS. Retry in 10s…
2026-06-04 17:04:50 [ERROR] [DPP] All 3 attempts failed: Supported sources: KBS, VCI, MSN, FMP. Got: TCBS
2026-06-04 17:04:50 [WARNING] [DPP] Attempt 1 failed: Supported sources: KBS, VCI, MSN, FMP. Got: TCBS. Retry in 5s…
2026-06-04 17:04:55 [WARNING] [DPP] Attempt 2 failed: Supported sources: KBS, VCI, MSN, FMP. Got: TCBS. Retry in 10s…
2026-06-04 17:05:05 [ERROR] [DPP] All 3 attempts failed: Supported sources: KBS, VCI, MSN, FMP. Got: TCBS
2026-06-04 17:05:05 [WARNING]   [DPP] No data returned — skipping.
2026-06-04 17:05:05 [INFO] [  2/350] SDA
2026-06-04 17:05:07 [WARNING] [SDA] Attempt 1 failed: 'Trading' object has no attribute 'history'. Retry in 5s…
2026-06-04 17:05:14 [WARNING] [SDA] Attempt 2 failed: 'Trading' object has no attribute 'history'. Retry in 10s…
2026-06-04 17:05:25 [ERROR] [SDA] All 3 attempts failed: 'Trading' object has no attribute 'history'
2026-06-04 17:05:25 [WARNING] [SDA] Attempt 1 failed: Supported sources: KBS, VCI, MSN, FMP. Got: TCBS. Retry in 5s…
2026-06-04 17:05:30 [WARNING] [SDA] Attempt 2 failed: Supported sources: KBS, VCI, MSN, FMP. Got: TCBS. Retry in 10s…
2026-06-04 17:05:40 [ERROR] [SDA] All 3 attempts failed: Supported sources: KBS, VCI, MSN, FMP. Got: TCBS
2026-06-04 17:05:40 [WARNING] [SDA] Attempt 1 failed: Supported sources: KBS, VCI, MSN, FMP. Got: TCBS. Retry in 5s…
2026-06-04 17:05:45 [WARNING] [SDA] Attempt 2 failed: Supported sources: KBS, VCI, MSN, FMP. Got: TCBS. Retry in 10s…
2026-06-04 17:05:55 [ERROR] [SDA] All 3 attempts failed: Supported sources: KBS, VCI, MSN, FMP. Got: TCBS
2026-06-04 17:05:55 [WARNING] [SDA] Attempt 1 failed: Supported sources: KBS, VCI, MSN, FMP. Got: TCBS. Retry in 5s…
2026-06-04 17:06:00 [WARNING] [SDA] Attempt 2 failed: Supported sources: KBS, VCI, MSN, FMP. Got: TCBS. Retry in 10s…
2026-06-04 17:06:10 [ERROR] [SDA] All 3 attempts failed: Supported sources: KBS, VCI, MSN, FMP. Got: TCBS
2026-06-04 17:06:10 [WARNING] [SDA] Attempt 1 failed: Supported sources: KBS, VCI, MSN, FMP. Got: TCBS. Retry in 5s…
2026-06-04 17:06:15 [WARNING] [SDA] Attempt 2 failed: Supported sources: KBS, VCI, MSN, FMP. Got: TCBS. Retry in 10s…
2026-06-04 17:06:25 [ERROR] [SDA] All 3 attempts failed: Supported sources: KBS, VCI, MSN, FMP. Got: TCBS
2026-06-04 17:06:25 [WARNING] [SDA] Attempt 1 failed: Supported sources: KBS, VCI, MSN, FMP. Got: TCBS. Retry in 5s…
2026-06-04 17:06:30 [WARNING] [SDA] Attempt 2 failed: Supported sources: KBS, VCI, MSN, FMP. Got: TCBS. Retry in 10s…
2026-06-04 17:06:40 [ERROR] [SDA] All 3 attempts failed: Supported sources: KBS, VCI, MSN, FMP. Got: TCBS
2026-06-04 17:06:40 [WARNING] [SDA] Attempt 1 failed: Supported sources: KBS, VCI, MSN, FMP. Got: TCBS. Retry in 5s…
2026-06-04 17:06:45 [WARNING] [SDA] Attempt 2 failed: Supported sources: KBS, VCI, MSN, FMP. Got: TCBS. Retry in 10s…
2026-06-04 17:06:55 [ERROR] [SDA] All 3 attempts failed: Supported sources: KBS, VCI, MSN, FMP. Got: TCBS
2026-06-04 17:06:55 [WARNING]   [SDA] No data returned — skipping.
2026-06-04 17:06:55 [INFO] [  3/350] CLH
2026-06-04 17:06:57 [WARNING] [CLH] Attempt 1 failed: 'Trading' object has no attribute 'history'. Retry in 5s…
2026-06-04 17:07:03 [WARNING] [CLH] Attempt 2 failed: 'Trading' object has no attribute 'history'. Retry in 10s…
2026-06-04 17:07:15 [ERROR] [CLH] All 3 attempts failed: 'Trading' object has no attribute 'history'
2026-06-04 17:07:15 [WARNING] [CLH] Attempt 1 failed: Supported sources: KBS, VCI, MSN, FMP. Got: TCBS. Retry in 5s…
2026-06-04 17:07:20 [WARNING] [CLH] Attempt 2 failed: Supported sources: KBS, VCI, MSN, FMP. Got: TCBS. Retry in 10s…
2026-06-04 17:07:30 [ERROR] [CLH] All 3 attempts failed: Supported sources: KBS, VCI, MSN, FMP. Got: TCBS
2026-06-04 17:07:30 [WARNING] [CLH] Attempt 1 failed: Supported sources: KBS, VCI, MSN, FMP. Got: TCBS. Retry in 5s…
2026-06-04 17:07:35 [WARNING] [CLH] Attempt 2 failed: Supported sources: KBS, VCI, MSN, FMP. Got: TCBS. Retry in 10s…
2026-06-04 17:07:45 [ERROR] [CLH] All 3 attempts failed: Supported sources: KBS, VCI, MSN, FMP. Got: TCBS
2026-06-04 17:07:45 [WARNING] [CLH] Attempt 1 failed: Supported sources: KBS, VCI, MSN, FMP. Got: TCBS. Retry in 5s…
2026-06-04 17:07:50 [WARNING] [CLH] Attempt 2 failed: Supported sources: KBS, VCI, MSN, FMP. Got: TCBS. Retry in 10s…
2026-06-04 17:08:00 [ERROR] [CLH] All 3 attempts failed: Supported sources: KBS, VCI, MSN, FMP. Got: TCBS
2026-06-04 17:08:00 [WARNING] [CLH] Attempt 1 failed: Supported sources: KBS, VCI, MSN, FMP. Got: TCBS. Retry in 5s…
2026-06-04 17:08:05 [WARNING] [CLH] Attempt 2 failed: Supported sources: KBS, VCI, MSN, FMP. Got: TCBS. Retry in 10s…
2026-06-04 17:08:15 [ERROR] [CLH] All 3 attempts failed: Supported sources: KBS, VCI, MSN, FMP. Got: TCBS
2026-06-04 17:08:15 [WARNING] [CLH] Attempt 1 failed: Supported sources: KBS, VCI, MSN, FMP. Got: TCBS. Retry in 5s…
2026-06-04 17:08:20 [WARNING] [CLH] Attempt 2 failed: Supported sources: KBS, VCI, MSN, FMP. Got: TCBS. Retry in 10s…
2026-06-04 17:08:30 [ERROR] [CLH] All 3 attempts failed: Supported sources: KBS, VCI, MSN, FMP. Got: TCBS
2026-06-04 17:08:30 [WARNING] [CLH] Attempt 1 failed: Supported sources: KBS, VCI, MSN, FMP. Got: TCBS. Retry in 5s…
2026-06-04 17:08:35 [WARNING] [CLH] Attempt 2 failed: Supported sources: KBS, VCI, MSN, FMP. Got: TCBS. Retry in 10s…
2026-06-04 17:08:45 [ERROR] [CLH] All 3 attempts failed: Supported sources: KBS, VCI, MSN, FMP. Got: TCBS
2026-06-04 17:08:45 [WARNING]   [CLH] No data returned — skipping.
2026-06-04 17:08:45 [INFO] [  4/350] DND
2026-06-04 17:08:47 [WARNING] [DND] Attempt 1 failed: 'Trading' object has no attribute 'history'. Retry in 5s…
2026-06-04 17:08:53 [WARNING] [DND] Attempt 2 failed: 'Trading' object has no attribute 'history'. Retry in 10s…
2026-06-04 17:09:05 [ERROR] [DND] All 3 attempts failed: 'Trading' object has no attribute 'history'
2026-06-04 17:09:05 [WARNING] [DND] Attempt 1 failed: Supported sources: KBS, VCI, MSN, FMP. Got: TCBS. Retry in 5s…
2026-06-04 17:09:10 [WARNING] [DND] Attempt 2 failed: Supported sources: KBS, VCI, MSN, FMP. Got: TCBS. Retry in 10s…
2026-06-04 17:09:20 [ERROR] [DND] All 3 attempts failed: Supported sources: KBS, VCI, MSN, FMP. Got: TCBS
2026-06-04 17:09:20 [WARNING] [DND] Attempt 1 failed: Supported sources: KBS, VCI, MSN, FMP. Got: TCBS. Retry in 5s…
2026-06-04 17:09:25 [WARNING] [DND] Attempt 2 failed: Supported sources: KBS, VCI, MSN, FMP. Got: TCBS. Retry in 10s…
2026-06-04 17:09:35 [ERROR] [DND] All 3 attempts failed: Supported sources: KBS, VCI, MSN, FMP. Got: TCBS
2026-06-04 17:09:35 [WARNING] [DND] Attempt 1 failed: Supported sources: KBS, VCI, MSN, FMP. Got: TCBS. Retry in 5s…
2026-06-04 17:09:40 [WARNING] [DND] Attempt 2 failed: Supported sources: KBS, VCI, MSN, FMP. Got: TCBS. Retry in 10s…
2026-06-04 17:09:50 [ERROR] [DND] All 3 attempts failed: Supported sources: KBS, VCI, MSN, FMP. Got: TCBS
2026-06-04 17:09:50 [WARNING] [DND] Attempt 1 failed: Supported sources: KBS, VCI, MSN, FMP. Got: TCBS. Retry in 5s…
2026-06-04 17:09:55 [WARNING] [DND] Attempt 2 failed: Supported sources: KBS, VCI, MSN, FMP. Got: TCBS. Retry in 10s…
2026-06-04 17:10:05 [ERROR] [DND] All 3 attempts failed: Supported sources: KBS, VCI, MSN, FMP. Got: TCBS
2026-06-04 17:10:05 [WARNING] [DND] Attempt 1 failed: Supported sources: KBS, VCI, MSN, FMP. Got: TCBS. Retry in 5s…
2026-06-04 17:10:10 [WARNING] [DND] Attempt 2 failed: Supported sources: KBS, VCI, MSN, FMP. Got: TCBS. Retry in 10s…
2026-06-04 17:10:20 [ERROR] [DND] All 3 attempts failed: Supported sources: KBS, VCI, MSN, FMP. Got: TCBS
2026-06-04 17:10:20 [WARNING] [DND] Attempt 1 failed: Supported sources: KBS, VCI, MSN, FMP. Got: TCBS. Retry in 5s…
2026-06-04 17:10:25 [WARNING] [DND] Attempt 2 failed: Supported sources: KBS, VCI, MSN, FMP. Got: TCBS. Retry in 10s…
2026-06-04 17:10:35 [ERROR] [DND] All 3 attempts failed: Supported sources: KBS, VCI, MSN, FMP. Got: TCBS
2026-06-04 17:10:35 [WARNING]   [DND] No data returned — skipping.
2026-06-04 17:10:35 [INFO] [  5/350] DBT
2026-06-04 17:10:37 [WARNING] [DBT] Attempt 1 failed: 'Trading' object has no attribute 'history'. Retry in 5s…
2026-06-04 17:10:43 [WARNING] [DBT] Attempt 2 failed: 'Trading' object has no attribute 'history'. Retry in 10s…
2026-06-04 17:10:55 [ERROR] [DBT] All 3 attempts failed: 'Trading' object has no attribute 'history'
2026-06-04 17:10:55 [WARNING] [DBT] Attempt 1 failed: Supported sources: KBS, VCI, MSN, FMP. Got: TCBS. Retry in 5s…
2026-06-04 17:11:00 [WARNING] [DBT] Attempt 2 failed: Supported sources: KBS, VCI, MSN, FMP. Got: TCBS. Retry in 10s…
2026-06-04 17:11:10 [ERROR] [DBT] All 3 attempts failed: Supported sources: KBS, VCI, MSN, FMP. Got: TCBS
2026-06-04 17:11:10 [WARNING] [DBT] Attempt 1 failed: Supported sources: KBS, VCI, MSN, FMP. Got: TCBS. Retry in 5s…
2026-06-04 17:11:15 [WARNING] [DBT] Attempt 2 failed: Supported sources: KBS, VCI, MSN, FMP. Got: TCBS. Retry in 10s…
2026-06-04 17:11:25 [ERROR] [DBT] All 3 attempts failed: Supported sources: KBS, VCI, MSN, FMP. Got: TCBS
2026-06-04 17:11:25 [WARNING] [DBT] Attempt 1 failed: Supported sources: KBS, VCI, MSN, FMP. Got: TCBS. Retry in 5s…
2026-06-04 17:11:30 [WARNING] [DBT] Attempt 2 failed: Supported sources: KBS, VCI, MSN, FMP. Got: TCBS. Retry in 10s…
2026-06-04 17:11:40 [ERROR] [DBT] All 3 attempts failed: Supported sources: KBS, VCI, MSN, FMP. Got: TCBS
2026-06-04 17:11:40 [WARNING] [DBT] Attempt 1 failed: Supported sources: KBS, VCI, MSN, FMP. Got: TCBS. Retry in 5s…
2026-06-04 17:11:45 [WARNING] [DBT] Attempt 2 failed: Supported sources: KBS, VCI, MSN, FMP. Got: TCBS. Retry in 10s…
2026-06-04 17:11:55 [ERROR] [DBT] All 3 attempts failed: Supported sources: KBS, VCI, MSN, FMP. Got: TCBS
2026-06-04 17:11:55 [WARNING] [DBT] Attempt 1 failed: Supported sources: KBS, VCI, MSN, FMP. Got: TCBS. Retry in 5s…
2026-06-04 17:12:00 [WARNING] [DBT] Attempt 2 failed: Supported sources: KBS, VCI, MSN, FMP. Got: TCBS. Retry in 10s…
2026-06-04 17:12:10 [ERROR] [DBT] All 3 attempts failed: Supported sources: KBS, VCI, MSN, FMP. Got: TCBS
2026-06-04 17:12:10 [WARNING] [DBT] Attempt 1 failed: Supported sources: KBS, VCI, MSN, FMP. Got: TCBS. Retry in 5s…
2026-06-04 17:12:15 [WARNING] [DBT] Attempt 2 failed: Supported sources: KBS, VCI, MSN, FMP. Got: TCBS. Retry in 10s…
2026-06-04 17:12:25 [ERROR] [DBT] All 3 attempts failed: Supported sources: KBS, VCI, MSN, FMP. Got: TCBS
2026-06-04 17:12:25 [WARNING]   [DBT] No data returned — skipping.
2026-06-04 17:12:25 [INFO] [  6/350] CCR
2026-06-04 17:12:28 [WARNING] [CCR] Attempt 1 failed: 'Trading' object has no attribute 'history'. Retry in 5s…
2026-06-04 17:12:34 [WARNING] [CCR] Attempt 2 failed: 'Trading' object has no attribute 'history'. Retry in 10s…
2026-06-04 17:12:46 [ERROR] [CCR] All 3 attempts failed: 'Trading' object has no attribute 'history'
2026-06-04 17:12:46 [WARNING] [CCR] Attempt 1 failed: Supported sources: KBS, VCI, MSN, FMP. Got: TCBS. Retry in 5s…
2026-06-04 17:12:51 [WARNING] [CCR] Attempt 2 failed: Supported sources: KBS, VCI, MSN, FMP. Got: TCBS. Retry in 10s…
2026-06-04 17:13:01 [ERROR] [CCR] All 3 attempts failed: Supported sources: KBS, VCI, MSN, FMP. Got: TCBS
2026-06-04 17:13:01 [WARNING] [CCR] Attempt 1 failed: Supported sources: KBS, VCI, MSN, FMP. Got: TCBS. Retry in 5s…
2026-06-04 17:13:06 [WARNING] [CCR] Attempt 2 failed: Supported sources: KBS, VCI, MSN, FMP. Got: TCBS. Retry in 10s…
2026-06-04 17:13:16 [ERROR] [CCR] All 3 attempts failed: Supported sources: KBS, VCI, MSN, FMP. Got: TCBS
2026-06-04 17:13:16 [WARNING] [CCR] Attempt 1 failed: Supported sources: KBS, VCI, MSN, FMP. Got: TCBS. Retry in 5s…
2026-06-04 17:13:21 [WARNING] [CCR] Attempt 2 failed: Supported sources: KBS, VCI, MSN, FMP. Got: TCBS. Retry in 10s…
2026-06-04 17:13:31 [ERROR] [CCR] All 3 attempts failed: Supported sources: KBS, VCI, MSN, FMP. Got: TCBS
2026-06-04 17:13:31 [WARNING] [CCR] Attempt 1 failed: Supported sources: KBS, VCI, MSN, FMP. Got: TCBS. Retry in 5s…
2026-06-04 17:13:36 [WARNING] [CCR] Attempt 2 failed: Supported sources: KBS, VCI, MSN, FMP. Got: TCBS. Retry in 10s…
2026-06-04 17:13:46 [ERROR] [CCR] All 3 attempts failed: Supported sources: KBS, VCI, MSN, FMP. Got: TCBS
2026-06-04 17:13:46 [WARNING] [CCR] Attempt 1 failed: Supported sources: KBS, VCI, MSN, FMP. Got: TCBS. Retry in 5s…
2026-06-04 17:13:51 [WARNING] [CCR] Attempt 2 failed: Supported sources: KBS, VCI, MSN, FMP. Got: TCBS. Retry in 10s…
2026-06-04 17:14:01 [ERROR] [CCR] All 3 attempts failed: Supported sources: KBS, VCI, MSN, FMP. Got: TCBS
2026-06-04 17:14:01 [WARNING] [CCR] Attempt 1 failed: Supported sources: KBS, VCI, MSN, FMP. Got: TCBS. Retry in 5s…
2026-06-04 17:14:06 [WARNING] [CCR] Attempt 2 failed: Supported sources: KBS, VCI, MSN, FMP. Got: TCBS. Retry in 10s…
2026-06-04 17:14:16 [ERROR] [CCR] All 3 attempts failed: Supported sources: KBS, VCI, MSN, FMP. Got: TCBS
2026-06-04 17:14:16 [WARNING]   [CCR] No data returned — skipping.
2026-06-04 17:14:16 [INFO] [  7/350] NOS
2026-06-04 17:14:18 [WARNING] [NOS] Attempt 1 failed: 'Trading' object has no attribute 'history'. Retry in 5s…
2026-06-04 17:14:25 [WARNING] [NOS] Attempt 2 failed: 'Trading' object has no attribute 'history'. Retry in 10s…
2026-06-04 17:14:37 [ERROR] [NOS] All 3 attempts failed: 'Trading' object has no attribute 'history'
2026-06-04 17:14:37 [WARNING] [NOS] Attempt 1 failed: Supported sources: KBS, VCI, MSN, FMP. Got: TCBS. Retry in 5s…
2026-06-04 17:14:42 [WARNING] [NOS] Attempt 2 failed: Supported sources: KBS, VCI, MSN, FMP. Got: TCBS. Retry in 10s…
2026-06-04 17:14:52 [ERROR] [NOS] All 3 attempts failed: Supported sources: KBS, VCI, MSN, FMP. Got: TCBS
2026-06-04 17:14:52 [WARNING] [NOS] Attempt 1 failed: Supported sources: KBS, VCI, MSN, FMP. Got: TCBS. Retry in 5s…
2026-06-04 17:14:57 [WARNING] [NOS] Attempt 2 failed: Supported sources: KBS, VCI, MSN, FMP. Got: TCBS. Retry in 10s…
2026-06-04 17:15:07 [ERROR] [NOS] All 3 attempts failed: Supported sources: KBS, VCI, MSN, FMP. Got: TCBS
2026-06-04 17:15:07 [WARNING] [NOS] Attempt 1 failed: Supported sources: KBS, VCI, MSN, FMP. Got: TCBS. Retry in 5s…
2026-06-04 17:15:12 [WARNING] [NOS] Attempt 2 failed: Supported sources: KBS, VCI, MSN, FMP. Got: TCBS. Retry in 10s…
2026-06-04 17:15:22 [ERROR] [NOS] All 3 attempts failed: Supported sources: KBS, VCI, MSN, FMP. Got: TCBS
2026-06-04 17:15:22 [WARNING] [NOS] Attempt 1 failed: Supported sources: KBS, VCI, MSN, FMP. Got: TCBS. Retry in 5s…
2026-06-04 17:15:27 [WARNING] [NOS] Attempt 2 failed: Supported sources: KBS, VCI, MSN, FMP. Got: TCBS. Retry in 10s…
2026-06-04 17:15:37 [ERROR] [NOS] All 3 attempts failed: Supported sources: KBS, VCI, MSN, FMP. Got: TCBS
2026-06-04 17:15:37 [WARNING] [NOS] Attempt 1 failed: Supported sources: KBS, VCI, MSN, FMP. Got: TCBS. Retry in 5s…
2026-06-04 17:15:42 [WARNING] [NOS] Attempt 2 failed: Supported sources: KBS, VCI, MSN, FMP. Got: TCBS. Retry in 10s…
2026-06-04 17:15:52 [ERROR] [NOS] All 3 attempts failed: Supported sources: KBS, VCI, MSN, FMP. Got: TCBS
2026-06-04 17:15:52 [WARNING] [NOS] Attempt 1 failed: Supported sources: KBS, VCI, MSN, FMP. Got: TCBS. Retry in 5s…
2026-06-04 17:15:57 [WARNING] [NOS] Attempt 2 failed: Supported sources: KBS, VCI, MSN, FMP. Got: TCBS. Retry in 10s…
2026-06-04 17:16:07 [ERROR] [NOS] All 3 attempts failed: Supported sources: KBS, VCI, MSN, FMP. Got: TCBS
2026-06-04 17:16:07 [WARNING]   [NOS] No data returned — skipping.
2026-06-04 17:16:07 [INFO] [  8/350] DPH
2026-06-04 17:16:09 [WARNING] [DPH] Attempt 1 failed: 'Trading' object has no attribute 'history'. Retry in 5s…
2026-06-04 17:16:16 [WARNING] [DPH] Attempt 2 failed: 'Trading' object has no attribute 'history'. Retry in 10s…
2026-06-04 17:16:28 [ERROR] [DPH] All 3 attempts failed: 'Trading' object has no attribute 'history'
2026-06-04 17:16:28 [WARNING] [DPH] Attempt 1 failed: Supported sources: KBS, VCI, MSN, FMP. Got: TCBS. Retry in 5s…
2026-06-04 17:16:33 [WARNING] [DPH] Attempt 2 failed: Supported sources: KBS, VCI, MSN, FMP. Got: TCBS. Retry in 10s…
2026-06-04 17:16:43 [ERROR] [DPH] All 3 attempts failed: Supported sources: KBS, VCI, MSN, FMP. Got: TCBS
2026-06-04 17:16:43 [WARNING] [DPH] Attempt 1 failed: Supported sources: KBS, VCI, MSN, FMP. Got: TCBS. Retry in 5s…
2026-06-04 17:16:48 [WARNING] [DPH] Attempt 2 failed: Supported sources: KBS, VCI, MSN, FMP. Got: TCBS. Retry in 10s…
2026-06-04 17:16:58 [ERROR] [DPH] All 3 attempts failed: Supported sources: KBS, VCI, MSN, FMP. Got: TCBS
2026-06-04 17:16:58 [WARNING] [DPH] Attempt 1 failed: Supported sources: KBS, VCI, MSN, FMP. Got: TCBS. Retry in 5s…
2026-06-04 17:17:03 [WARNING] [DPH] Attempt 2 failed: Supported sources: KBS, VCI, MSN, FMP. Got: TCBS. Retry in 10s…
2026-06-04 17:17:13 [ERROR] [DPH] All 3 attempts failed: Supported sources: KBS, VCI, MSN, FMP. Got: TCBS
2026-06-04 17:17:13 [WARNING] [DPH] Attempt 1 failed: Supported sources: KBS, VCI, MSN, FMP. Got: TCBS. Retry in 5s…
2026-06-04 17:17:18 [WARNING] [DPH] Attempt 2 failed: Supported sources: KBS, VCI, MSN, FMP. Got: TCBS. Retry in 10s…
2026-06-04 17:17:28 [ERROR] [DPH] All 3 attempts failed: Supported sources: KBS, VCI, MSN, FMP. Got: TCBS
2026-06-04 17:17:28 [WARNING] [DPH] Attempt 1 failed: Supported sources: KBS, VCI, MSN, FMP. Got: TCBS. Retry in 5s…
2026-06-04 17:17:33 [WARNING] [DPH] Attempt 2 failed: Supported sources: KBS, VCI, MSN, FMP. Got: TCBS. Retry in 10s…
2026-06-04 17:17:43 [ERROR] [DPH] All 3 attempts failed: Supported sources: KBS, VCI, MSN, FMP. Got: TCBS
2026-06-04 17:17:43 [WARNING] [DPH] Attempt 1 failed: Supported sources: KBS, VCI, MSN, FMP. Got: TCBS. Retry in 5s…
2026-06-04 17:17:48 [WARNING] [DPH] Attempt 2 failed: Supported sources: KBS, VCI, MSN, FMP. Got: TCBS. Retry in 10s…
2026-06-04 17:17:58 [ERROR] [DPH] All 3 attempts failed: Supported sources: KBS, VCI, MSN, FMP. Got: TCBS
2026-06-04 17:17:58 [WARNING]   [DPH] No data returned — skipping.
2026-06-04 17:17:58 [INFO] [  9/350] DSN
2026-06-04 17:18:00 [WARNING] [DSN] Attempt 1 failed: 'Trading' object has no attribute 'history'. Retry in 5s…
2026-06-04 17:18:07 [WARNING] [DSN] Attempt 2 failed: 'Trading' object has no attribute 'history'. Retry in 10s…
2026-06-04 17:18:19 [ERROR] [DSN] All 3 attempts failed: 'Trading' object has no attribute 'history'
2026-06-04 17:18:19 [WARNING] [DSN] Attempt 1 failed: Supported sources: KBS, VCI, MSN, FMP. Got: TCBS. Retry in 5s…
2026-06-04 17:18:24 [WARNING] [DSN] Attempt 2 failed: Supported sources: KBS, VCI, MSN, FMP. Got: TCBS. Retry in 10s…
2026-06-04 17:18:34 [ERROR] [DSN] All 3 attempts failed: Supported sources: KBS, VCI, MSN, FMP. Got: TCBS
2026-06-04 17:18:34 [WARNING] [DSN] Attempt 1 failed: Supported sources: KBS, VCI, MSN, FMP. Got: TCBS. Retry in 5s…
2026-06-04 17:18:39 [WARNING] [DSN] Attempt 2 failed: Supported sources: KBS, VCI, MSN, FMP. Got: TCBS. Retry in 10s…
2026-06-04 17:18:49 [ERROR] [DSN] All 3 attempts failed: Supported sources: KBS, VCI, MSN, FMP. Got: TCBS
2026-06-04 17:18:49 [WARNING] [DSN] Attempt 1 failed: Supported sources: KBS, VCI, MSN, FMP. Got: TCBS. Retry in 5s…
2026-06-04 17:18:54 [WARNING] [DSN] Attempt 2 failed: Supported sources: KBS, VCI, MSN, FMP. Got: TCBS. Retry in 10s…
2026-06-04 17:19:04 [ERROR] [DSN] All 3 attempts failed: Supported sources: KBS, VCI, MSN, FMP. Got: TCBS
2026-06-04 17:19:04 [WARNING] [DSN] Attempt 1 failed: Supported sources: KBS, VCI, MSN, FMP. Got: TCBS. Retry in 5s…
2026-06-04 17:19:09 [WARNING] [DSN] Attempt 2 failed: Supported sources: KBS, VCI, MSN, FMP. Got: TCBS. Retry in 10s…
2026-06-04 17:19:19 [ERROR] [DSN] All 3 attempts failed: Supported sources: KBS, VCI, MSN, FMP. Got: TCBS
2026-06-04 17:19:19 [WARNING] [DSN] Attempt 1 failed: Supported sources: KBS, VCI, MSN, FMP. Got: TCBS. Retry in 5s…
2026-06-04 17:19:24 [WARNING] [DSN] Attempt 2 failed: Supported sources: KBS, VCI, MSN, FMP. Got: TCBS. Retry in 10s…
2026-06-04 17:19:34 [ERROR] [DSN] All 3 attempts failed: Supported sources: KBS, VCI, MSN, FMP. Got: TCBS
2026-06-04 17:19:34 [WARNING] [DSN] Attempt 1 failed: Supported sources: KBS, VCI, MSN, FMP. Got: TCBS. Retry in 5s…
2026-06-04 17:19:39 [WARNING] [DSN] Attempt 2 failed: Supported sources: KBS, VCI, MSN, FMP. Got: TCBS. Retry in 10s…
2026-06-04 17:19:49 [ERROR] [DSN] All 3 attempts failed: Supported sources: KBS, VCI, MSN, FMP. Got: TCBS
2026-06-04 17:19:49 [WARNING]   [DSN] No data returned — skipping.
2026-06-04 17:19:49 [INFO] [ 10/350] WSS
2026-06-04 17:19:50 [WARNING] [WSS] Attempt 1 failed: 'Trading' object has no attribute 'history'. Retry in 5s…
2026-06-04 17:19:57 [WARNING] [WSS] Attempt 2 failed: 'Trading' object has no attribute 'history'. Retry in 10s…
2026-06-04 17:20:09 [ERROR] [WSS] All 3 attempts failed: 'Trading' object has no attribute 'history'
2026-06-04 17:20:09 [WARNING] [WSS] Attempt 1 failed: Supported sources: KBS, VCI, MSN, FMP. Got: TCBS. Retry in 5s…
2026-06-04 17:20:14 [WARNING] [WSS] Attempt 2 failed: Supported sources: KBS, VCI, MSN, FMP. Got: TCBS. Retry in 10s…
2026-06-04 17:20:24 [ERROR] [WSS] All 3 attempts failed: Supported sources: KBS, VCI, MSN, FMP. Got: TCBS
2026-06-04 17:20:24 [WARNING] [WSS] Attempt 1 failed: Supported sources: KBS, VCI, MSN, FMP. Got: TCBS. Retry in 5s…
2026-06-04 17:20:29 [WARNING] [WSS] Attempt 2 failed: Supported sources: KBS, VCI, MSN, FMP. Got: TCBS. Retry in 10s…
2026-06-04 17:20:39 [ERROR] [WSS] All 3 attempts failed: Supported sources: KBS, VCI, MSN, FMP. Got: TCBS
2026-06-04 17:20:39 [WARNING] [WSS] Attempt 1 failed: Supported sources: KBS, VCI, MSN, FMP. Got: TCBS. Retry in 5s…
2026-06-04 17:20:44 [WARNING] [WSS] Attempt 2 failed: Supported sources: KBS, VCI, MSN, FMP. Got: TCBS. Retry in 10s…
2026-06-04 17:20:54 [ERROR] [WSS] All 3 attempts failed: Supported sources: KBS, VCI, MSN, FMP. Got: TCBS
2026-06-04 17:20:54 [WARNING] [WSS] Attempt 1 failed: Supported sources: KBS, VCI, MSN, FMP. Got: TCBS. Retry in 5s…
2026-06-04 17:20:59 [WARNING] [WSS] Attempt 2 failed: Supported sources: KBS, VCI, MSN, FMP. Got: TCBS. Retry in 10s…
2026-06-04 17:21:09 [ERROR] [WSS] All 3 attempts failed: Supported sources: KBS, VCI, MSN, FMP. Got: TCBS
2026-06-04 17:21:09 [WARNING] [WSS] Attempt 1 failed: Supported sources: KBS, VCI, MSN, FMP. Got: TCBS. Retry in 5s…
2026-06-04 17:21:14 [WARNING] [WSS] Attempt 2 failed: Supported sources: KBS, VCI, MSN, FMP. Got: TCBS. Retry in 10s…
2026-06-04 17:21:24 [ERROR] [WSS] All 3 attempts failed: Supported sources: KBS, VCI, MSN, FMP. Got: TCBS
2026-06-04 17:21:24 [WARNING] [WSS] Attempt 1 failed: Supported sources: KBS, VCI, MSN, FMP. Got: TCBS. Retry in 5s…
2026-06-04 17:21:29 [WARNING] [WSS] Attempt 2 failed: Supported sources: KBS, VCI, MSN, FMP. Got: TCBS. Retry in 10s…
2026-06-04 17:21:39 [ERROR] [WSS] All 3 attempts failed: Supported sources: KBS, VCI, MSN, FMP. Got: TCBS
2026-06-04 17:21:39 [WARNING]   [WSS] No data returned — skipping.
2026-06-04 17:21:39 [INFO] [ 11/350] STC
2026-06-04 17:21:40 [WARNING] [STC] Attempt 1 failed: 'Trading' object has no attribute 'history'. Retry in 5s…
2026-06-04 17:21:47 [WARNING] [STC] Attempt 2 failed: 'Trading' object has no attribute 'history'. Retry in 10s…
2026-06-04 17:21:59 [ERROR] [STC] All 3 attempts failed: 'Trading' object has no attribute 'history'
2026-06-04 17:21:59 [WARNING] [STC] Attempt 1 failed: Supported sources: KBS, VCI, MSN, FMP. Got: TCBS. Retry in 5s…
2026-06-04 17:22:04 [WARNING] [STC] Attempt 2 failed: Supported sources: KBS, VCI, MSN, FMP. Got: TCBS. Retry in 10s…
2026-06-04 17:22:14 [ERROR] [STC] All 3 attempts failed: Supported sources: KBS, VCI, MSN, FMP. Got: TCBS
2026-06-04 17:22:14 [WARNING] [STC] Attempt 1 failed: Supported sources: KBS, VCI, MSN, FMP. Got: TCBS. Retry in 5s…
2026-06-04 17:22:19 [WARNING] [STC] Attempt 2 failed: Supported sources: KBS, VCI, MSN, FMP. Got: TCBS. Retry in 10s…
2026-06-04 17:22:29 [ERROR] [STC] All 3 attempts failed: Supported sources: KBS, VCI, MSN, FMP. Got: TCBS
2026-06-04 17:22:29 [WARNING] [STC] Attempt 1 failed: Supported sources: KBS, VCI, MSN, FMP. Got: TCBS. Retry in 5s…
2026-06-04 17:22:34 [WARNING] [STC] Attempt 2 failed: Supported sources: KBS, VCI, MSN, FMP. Got: TCBS. Retry in 10s…
2026-06-04 17:22:44 [ERROR] [STC] All 3 attempts failed: Supported sources: KBS, VCI, MSN, FMP. Got: TCBS
2026-06-04 17:22:44 [WARNING] [STC] Attempt 1 failed: Supported sources: KBS, VCI, MSN, FMP. Got: TCBS. Retry in 5s…
2026-06-04 17:22:49 [WARNING] [STC] Attempt 2 failed: Supported sources: KBS, VCI, MSN, FMP. Got: TCBS. Retry in 10s…
2026-06-04 17:22:59 [ERROR] [STC] All 3 attempts failed: Supported sources: KBS, VCI, MSN, FMP. Got: TCBS
2026-06-04 17:22:59 [WARNING] [STC] Attempt 1 failed: Supported sources: KBS, VCI, MSN, FMP. Got: TCBS. Retry in 5s…
2026-06-04 17:23:04 [WARNING] [STC] Attempt 2 failed: Supported sources: KBS, VCI, MSN, FMP. Got: TCBS. Retry in 10s…
2026-06-04 17:23:14 [ERROR] [STC] All 3 attempts failed: Supported sources: KBS, VCI, MSN, FMP. Got: TCBS
2026-06-04 17:23:14 [WARNING] [STC] Attempt 1 failed: Supported sources: KBS, VCI, MSN, FMP. Got: TCBS. Retry in 5s…
2026-06-04 17:23:19 [WARNING] [STC] Attempt 2 failed: Supported sources: KBS, VCI, MSN, FMP. Got: TCBS. Retry in 10s…
2026-06-04 17:23:29 [ERROR] [STC] All 3 attempts failed: Supported sources: KBS, VCI, MSN, FMP. Got: TCBS
2026-06-04 17:23:29 [WARNING]   [STC] No data returned — skipping.
2026-06-04 17:23:29 [INFO] [ 12/350] CFM
2026-06-04 17:23:31 [WARNING] [CFM] Attempt 1 failed: 'Trading' object has no attribute 'history'. Retry in 5s…
2026-06-04 17:23:38 [WARNING] [CFM] Attempt 2 failed: 'Trading' object has no attribute 'history'. Retry in 10s…
2026-06-04 17:23:49 [ERROR] [CFM] All 3 attempts failed: 'Trading' object has no attribute 'history'
2026-06-04 17:23:49 [WARNING] [CFM] Attempt 1 failed: Supported sources: KBS, VCI, MSN, FMP. Got: TCBS. Retry in 5s…
2026-06-04 17:23:54 [WARNING] [CFM] Attempt 2 failed: Supported sources: KBS, VCI, MSN, FMP. Got: TCBS. Retry in 10s…
2026-06-04 17:24:04 [ERROR] [CFM] All 3 attempts failed: Supported sources: KBS, VCI, MSN, FMP. Got: TCBS
2026-06-04 17:24:04 [WARNING] [CFM] Attempt 1 failed: Supported sources: KBS, VCI, MSN, FMP. Got: TCBS. Retry in 5s…
2026-06-04 17:24:09 [WARNING] [CFM] Attempt 2 failed: Supported sources: KBS, VCI, MSN, FMP. Got: TCBS. Retry in 10s…
2026-06-04 17:24:19 [ERROR] [CFM] All 3 attempts failed: Supported sources: KBS, VCI, MSN, FMP. Got: TCBS
2026-06-04 17:24:19 [WARNING] [CFM] Attempt 1 failed: Supported sources: KBS, VCI, MSN, FMP. Got: TCBS. Retry in 5s…
2026-06-04 17:24:24 [WARNING] [CFM] Attempt 2 failed: Supported sources: KBS, VCI, MSN, FMP. Got: TCBS. Retry in 10s…
2026-06-04 17:24:34 [ERROR] [CFM] All 3 attempts failed: Supported sources: KBS, VCI, MSN, FMP. Got: TCBS
2026-06-04 17:24:34 [WARNING] [CFM] Attempt 1 failed: Supported sources: KBS, VCI, MSN, FMP. Got: TCBS. Retry in 5s…
2026-06-04 17:24:39 [WARNING] [CFM] Attempt 2 failed: Supported sources: KBS, VCI, MSN, FMP. Got: TCBS. Retry in 10s…
2026-06-04 17:24:49 [ERROR] [CFM] All 3 attempts failed: Supported sources: KBS, VCI, MSN, FMP. Got: TCBS
2026-06-04 17:24:49 [WARNING] [CFM] Attempt 1 failed: Supported sources: KBS, VCI, MSN, FMP. Got: TCBS. Retry in 5s…
2026-06-04 17:24:54 [WARNING] [CFM] Attempt 2 failed: Supported sources: KBS, VCI, MSN, FMP. Got: TCBS. Retry in 10s…
2026-06-04 17:25:04 [ERROR] [CFM] All 3 attempts failed: Supported sources: KBS, VCI, MSN, FMP. Got: TCBS
2026-06-04 17:25:04 [WARNING] [CFM] Attempt 1 failed: Supported sources: KBS, VCI, MSN, FMP. Got: TCBS. Retry in 5s…
2026-06-04 17:25:09 [WARNING] [CFM] Attempt 2 failed: Supported sources: KBS, VCI, MSN, FMP. Got: TCBS. Retry in 10s…
2026-06-04 17:25:19 [ERROR] [CFM] All 3 attempts failed: Supported sources: KBS, VCI, MSN, FMP. Got: TCBS
2026-06-04 17:25:19 [WARNING]   [CFM] No data returned — skipping.
2026-06-04 17:25:19 [INFO] [ 13/350] VPG
2026-06-04 17:25:21 [WARNING] [VPG] Attempt 1 failed: 'Trading' object has no attribute 'history'. Retry in 5s…
2026-06-04 17:25:28 [WARNING] [VPG] Attempt 2 failed: 'Trading' object has no attribute 'history'. Retry in 10s…
2026-06-04 17:25:39 [ERROR] [VPG] All 3 attempts failed: 'Trading' object has no attribute 'history'
2026-06-04 17:25:39 [WARNING] [VPG] Attempt 1 failed: Supported sources: KBS, VCI, MSN, FMP. Got: TCBS. Retry in 5s…
2026-06-04 17:25:44 [WARNING] [VPG] Attempt 2 failed: Supported sources: KBS, VCI, MSN, FMP. Got: TCBS. Retry in 10s…
2026-06-04 17:25:54 [ERROR] [VPG] All 3 attempts failed: Supported sources: KBS, VCI, MSN, FMP. Got: TCBS
2026-06-04 17:25:54 [WARNING] [VPG] Attempt 1 failed: Supported sources: KBS, VCI, MSN, FMP. Got: TCBS. Retry in 5s…
2026-06-04 17:25:59 [WARNING] [VPG] Attempt 2 failed: Supported sources: KBS, VCI, MSN, FMP. Got: TCBS. Retry in 10s…
2026-06-04 17:26:09 [ERROR] [VPG] All 3 attempts failed: Supported sources: KBS, VCI, MSN, FMP. Got: TCBS
2026-06-04 17:26:09 [WARNING] [VPG] Attempt 1 failed: Supported sources: KBS, VCI, MSN, FMP. Got: TCBS. Retry in 5s…
2026-06-04 17:26:14 [WARNING] [VPG] Attempt 2 failed: Supported sources: KBS, VCI, MSN, FMP. Got: TCBS. Retry in 10s…
2026-06-04 17:26:24 [ERROR] [VPG] All 3 attempts failed: Supported sources: KBS, VCI, MSN, FMP. Got: TCBS
2026-06-04 17:26:24 [WARNING] [VPG] Attempt 1 failed: Supported sources: KBS, VCI, MSN, FMP. Got: TCBS. Retry in 5s…
2026-06-04 17:26:29 [WARNING] [VPG] Attempt 2 failed: Supported sources: KBS, VCI, MSN, FMP. Got: TCBS. Retry in 10s…
2026-06-04 17:26:39 [ERROR] [VPG] All 3 attempts failed: Supported sources: KBS, VCI, MSN, FMP. Got: TCBS
2026-06-04 17:26:39 [WARNING] [VPG] Attempt 1 failed: Supported sources: KBS, VCI, MSN, FMP. Got: TCBS. Retry in 5s…
2026-06-04 17:26:44 [WARNING] [VPG] Attempt 2 failed: Supported sources: KBS, VCI, MSN, FMP. Got: TCBS. Retry in 10s…
2026-06-04 17:26:55 [ERROR] [VPG] All 3 attempts failed: Supported sources: KBS, VCI, MSN, FMP. Got: TCBS
2026-06-04 17:26:55 [WARNING] [VPG] Attempt 1 failed: Supported sources: KBS, VCI, MSN, FMP. Got: TCBS. Retry in 5s…
2026-06-04 17:27:00 [WARNING] [VPG] Attempt 2 failed: Supported sources: KBS, VCI, MSN, FMP. Got: TCBS. Retry in 10s…
2026-06-04 17:27:10 [ERROR] [VPG] All 3 attempts failed: Supported sources: KBS, VCI, MSN, FMP. Got: TCBS
2026-06-04 17:27:10 [WARNING]   [VPG] No data returned — skipping.
2026-06-04 17:27:10 [INFO] [ 14/350] DST
2026-06-04 17:27:11 [WARNING] [DST] Attempt 1 failed: 'Trading' object has no attribute 'history'. Retry in 5s…
2026-06-04 17:27:17 [WARNING] [DST] Attempt 2 failed: 'Trading' object has no attribute 'history'. Retry in 10s…
2026-06-04 17:27:29 [ERROR] [DST] All 3 attempts failed: 'Trading' object has no attribute 'history'
2026-06-04 17:27:29 [WARNING] [DST] Attempt 1 failed: Supported sources: KBS, VCI, MSN, FMP. Got: TCBS. Retry in 5s…
2026-06-04 17:27:34 [WARNING] [DST] Attempt 2 failed: Supported sources: KBS, VCI, MSN, FMP. Got: TCBS. Retry in 10s…
2026-06-04 17:27:44 [ERROR] [DST] All 3 attempts failed: Supported sources: KBS, VCI, MSN, FMP. Got: TCBS
2026-06-04 17:27:44 [WARNING] [DST] Attempt 1 failed: Supported sources: KBS, VCI, MSN, FMP. Got: TCBS. Retry in 5s…
2026-06-04 17:27:49 [WARNING] [DST] Attempt 2 failed: Supported sources: KBS, VCI, MSN, FMP. Got: TCBS. Retry in 10s…
2026-06-04 17:27:59 [ERROR] [DST] All 3 attempts failed: Supported sources: KBS, VCI, MSN, FMP. Got: TCBS
2026-06-04 17:27:59 [WARNING] [DST] Attempt 1 failed: Supported sources: KBS, VCI, MSN, FMP. Got: TCBS. Retry in 5s…
2026-06-04 17:28:04 [WARNING] [DST] Attempt 2 failed: Supported sources: KBS, VCI, MSN, FMP. Got: TCBS. Retry in 10s…
2026-06-04 17:28:14 [ERROR] [DST] All 3 attempts failed: Supported sources: KBS, VCI, MSN, FMP. Got: TCBS
2026-06-04 17:28:14 [WARNING] [DST] Attempt 1 failed: Supported sources: KBS, VCI, MSN, FMP. Got: TCBS. Retry in 5s…
2026-06-04 17:28:19 [WARNING] [DST] Attempt 2 failed: Supported sources: KBS, VCI, MSN, FMP. Got: TCBS. Retry in 10s…
2026-06-04 17:28:29 [ERROR] [DST] All 3 attempts failed: Supported sources: KBS, VCI, MSN, FMP. Got: TCBS
2026-06-04 17:28:29 [WARNING] [DST] Attempt 1 failed: Supported sources: KBS, VCI, MSN, FMP. Got: TCBS. Retry in 5s…
2026-06-04 17:28:34 [WARNING] [DST] Attempt 2 failed: Supported sources: KBS, VCI, MSN, FMP. Got: TCBS. Retry in 10s…
2026-06-04 17:28:44 [ERROR] [DST] All 3 attempts failed: Supported sources: KBS, VCI, MSN, FMP. Got: TCBS
2026-06-04 17:28:44 [WARNING] [DST] Attempt 1 failed: Supported sources: KBS, VCI, MSN, FMP. Got: TCBS. Retry in 5s…
2026-06-04 17:28:49 [WARNING] [DST] Attempt 2 failed: Supported sources: KBS, VCI, MSN, FMP. Got: TCBS. Retry in 10s…
2026-06-04 17:28:59 [ERROR] [DST] All 3 attempts failed: Supported sources: KBS, VCI, MSN, FMP. Got: TCBS
2026-06-04 17:28:59 [WARNING]   [DST] No data returned — skipping.
2026-06-04 17:28:59 [INFO] [ 15/350] DCV
2026-06-04 17:29:01 [WARNING] [DCV] Attempt 1 failed: 'Trading' object has no attribute 'history'. Retry in 5s…
2026-06-04 17:29:08 [WARNING] [DCV] Attempt 2 failed: 'Trading' object has no attribute 'history'. Retry in 10s…
2026-06-04 17:29:19 [ERROR] [DCV] All 3 attempts failed: 'Trading' object has no attribute 'history'
2026-06-04 17:29:19 [WARNING] [DCV] Attempt 1 failed: Supported sources: KBS, VCI, MSN, FMP. Got: TCBS. Retry in 5s…
2026-06-04 17:29:24 [WARNING] [DCV] Attempt 2 failed: Supported sources: KBS, VCI, MSN, FMP. Got: TCBS. Retry in 10s…
2026-06-04 17:29:34 [ERROR] [DCV] All 3 attempts failed: Supported sources: KBS, VCI, MSN, FMP. Got: TCBS
2026-06-04 17:29:34 [WARNING] [DCV] Attempt 1 failed: Supported sources: KBS, VCI, MSN, FMP. Got: TCBS. Retry in 5s…
2026-06-04 17:29:39 [WARNING] [DCV] Attempt 2 failed: Supported sources: KBS, VCI, MSN, FMP. Got: TCBS. Retry in 10s…
2026-06-04 17:29:49 [ERROR] [DCV] All 3 attempts failed: Supported sources: KBS, VCI, MSN, FMP. Got: TCBS
2026-06-04 17:29:49 [WARNING] [DCV] Attempt 1 failed: Supported sources: KBS, VCI, MSN, FMP. Got: TCBS. Retry in 5s…
2026-06-04 17:29:54 [WARNING] [DCV] Attempt 2 failed: Supported sources: KBS, VCI, MSN, FMP. Got: TCBS. Retry in 10s…
2026-06-04 17:30:04 [ERROR] [DCV] All 3 attempts failed: Supported sources: KBS, VCI, MSN, FMP. Got: TCBS
2026-06-04 17:30:04 [WARNING] [DCV] Attempt 1 failed: Supported sources: KBS, VCI, MSN, FMP. Got: TCBS. Retry in 5s…
2026-06-04 17:30:09 [WARNING] [DCV] Attempt 2 failed: Supported sources: KBS, VCI, MSN, FMP. Got: TCBS. Retry in 10s…
2026-06-04 17:30:19 [ERROR] [DCV] All 3 attempts failed: Supported sources: KBS, VCI, MSN, FMP. Got: TCBS
2026-06-04 17:30:19 [WARNING] [DCV] Attempt 1 failed: Supported sources: KBS, VCI, MSN, FMP. Got: TCBS. Retry in 5s…
2026-06-04 17:30:24 [WARNING] [DCV] Attempt 2 failed: Supported sources: KBS, VCI, MSN, FMP. Got: TCBS. Retry in 10s…
2026-06-04 17:30:34 [ERROR] [DCV] All 3 attempts failed: Supported sources: KBS, VCI, MSN, FMP. Got: TCBS
2026-06-04 17:30:34 [WARNING] [DCV] Attempt 1 failed: Supported sources: KBS, VCI, MSN, FMP. Got: TCBS. Retry in 5s…
2026-06-04 17:30:39 [WARNING] [DCV] Attempt 2 failed: Supported sources: KBS, VCI, MSN, FMP. Got: TCBS. Retry in 10s…
2026-06-04 17:30:49 [ERROR] [DCV] All 3 attempts failed: Supported sources: KBS, VCI, MSN, FMP. Got: TCBS
2026-06-04 17:30:49 [WARNING]   [DCV] No data returned — skipping.
2026-06-04 17:30:49 [INFO] [ 16/350] MBN
2026-06-04 17:30:51 [WARNING] [MBN] Attempt 1 failed: 'Trading' object has no attribute 'history'. Retry in 5s…
2026-06-04 17:30:58 [WARNING] [MBN] Attempt 2 failed: 'Trading' object has no attribute 'history'. Retry in 10s…
2026-06-04 17:31:10 [ERROR] [MBN] All 3 attempts failed: 'Trading' object has no attribute 'history'
2026-06-04 17:31:10 [WARNING] [MBN] Attempt 1 failed: Supported sources: KBS, VCI, MSN, FMP. Got: TCBS. Retry in 5s…
2026-06-04 17:31:15 [WARNING] [MBN] Attempt 2 failed: Supported sources: KBS, VCI, MSN, FMP. Got: TCBS. Retry in 10s…
2026-06-04 17:31:25 [ERROR] [MBN] All 3 attempts failed: Supported sources: KBS, VCI, MSN, FMP. Got: TCBS
2026-06-04 17:31:25 [WARNING] [MBN] Attempt 1 failed: Supported sources: KBS, VCI, MSN, FMP. Got: TCBS. Retry in 5s…
2026-06-04 17:31:30 [WARNING] [MBN] Attempt 2 failed: Supported sources: KBS, VCI, MSN, FMP. Got: TCBS. Retry in 10s…
2026-06-04 17:31:40 [ERROR] [MBN] All 3 attempts failed: Supported sources: KBS, VCI, MSN, FMP. Got: TCBS
2026-06-04 17:31:40 [WARNING] [MBN] Attempt 1 failed: Supported sources: KBS, VCI, MSN, FMP. Got: TCBS. Retry in 5s…
2026-06-04 17:31:45 [WARNING] [MBN] Attempt 2 failed: Supported sources: KBS, VCI, MSN, FMP. Got: TCBS. Retry in 10s…
2026-06-04 17:31:55 [ERROR] [MBN] All 3 attempts failed: Supported sources: KBS, VCI, MSN, FMP. Got: TCBS
2026-06-04 17:31:55 [WARNING] [MBN] Attempt 1 failed: Supported sources: KBS, VCI, MSN, FMP. Got: TCBS. Retry in 5s…
2026-06-04 17:32:00 [WARNING] [MBN] Attempt 2 failed: Supported sources: KBS, VCI, MSN, FMP. Got: TCBS. Retry in 10s…
2026-06-04 17:32:10 [ERROR] [MBN] All 3 attempts failed: Supported sources: KBS, VCI, MSN, FMP. Got: TCBS
2026-06-04 17:32:10 [WARNING] [MBN] Attempt 1 failed: Supported sources: KBS, VCI, MSN, FMP. Got: TCBS. Retry in 5s…
2026-06-04 17:32:15 [WARNING] [MBN] Attempt 2 failed: Supported sources: KBS, VCI, MSN, FMP. Got: TCBS. Retry in 10s…
2026-06-04 17:32:25 [ERROR] [MBN] All 3 attempts failed: Supported sources: KBS, VCI, MSN, FMP. Got: TCBS
2026-06-04 17:32:25 [WARNING] [MBN] Attempt 1 failed: Supported sources: KBS, VCI, MSN, FMP. Got: TCBS. Retry in 5s…
2026-06-04 17:32:30 [WARNING] [MBN] Attempt 2 failed: Supported sources: KBS, VCI, MSN, FMP. Got: TCBS. Retry in 10s…
2026-06-04 17:32:40 [ERROR] [MBN] All 3 attempts failed: Supported sources: KBS, VCI, MSN, FMP. Got: TCBS
2026-06-04 17:32:40 [WARNING]   [MBN] No data returned — skipping.
2026-06-04 17:32:40 [INFO] [ 17/350] HPG
2026-06-04 17:32:42 [WARNING] [HPG] Attempt 1 failed: 'Trading' object has no attribute 'history'. Retry in 5s…
2026-06-04 17:32:49 [WARNING] [HPG] Attempt 2 failed: 'Trading' object has no attribute 'history'. Retry in 10s…
2026-06-04 17:33:01 [ERROR] [HPG] All 3 attempts failed: 'Trading' object has no attribute 'history'
2026-06-04 17:33:01 [WARNING] [HPG] Attempt 1 failed: Supported sources: KBS, VCI, MSN, FMP. Got: TCBS. Retry in 5s…
2026-06-04 17:33:06 [WARNING] [HPG] Attempt 2 failed: Supported sources: KBS, VCI, MSN, FMP. Got: TCBS. Retry in 10s…
2026-06-04 17:33:16 [ERROR] [HPG] All 3 attempts failed: Supported sources: KBS, VCI, MSN, FMP. Got: TCBS
2026-06-04 17:33:16 [WARNING] [HPG] Attempt 1 failed: Supported sources: KBS, VCI, MSN, FMP. Got: TCBS. Retry in 5s…
2026-06-04 17:33:21 [WARNING] [HPG] Attempt 2 failed: Supported sources: KBS, VCI, MSN, FMP. Got: TCBS. Retry in 10s…
2026-06-04 17:33:31 [ERROR] [HPG] All 3 attempts failed: Supported sources: KBS, VCI, MSN, FMP. Got: TCBS
2026-06-04 17:33:31 [WARNING] [HPG] Attempt 1 failed: Supported sources: KBS, VCI, MSN, FMP. Got: TCBS. Retry in 5s…
2026-06-04 17:33:36 [WARNING] [HPG] Attempt 2 failed: Supported sources: KBS, VCI, MSN, FMP. Got: TCBS. Retry in 10s…
2026-06-04 17:33:46 [ERROR] [HPG] All 3 attempts failed: Supported sources: KBS, VCI, MSN, FMP. Got: TCBS
2026-06-04 17:33:46 [WARNING] [HPG] Attempt 1 failed: Supported sources: KBS, VCI, MSN, FMP. Got: TCBS. Retry in 5s…
2026-06-04 17:33:51 [WARNING] [HPG] Attempt 2 failed: Supported sources: KBS, VCI, MSN, FMP. Got: TCBS. Retry in 10s…
2026-06-04 17:34:01 [ERROR] [HPG] All 3 attempts failed: Supported sources: KBS, VCI, MSN, FMP. Got: TCBS
2026-06-04 17:34:01 [WARNING] [HPG] Attempt 1 failed: Supported sources: KBS, VCI, MSN, FMP. Got: TCBS. Retry in 5s…
2026-06-04 17:34:06 [WARNING] [HPG] Attempt 2 failed: Supported sources: KBS, VCI, MSN, FMP. Got: TCBS. Retry in 10s…
2026-06-04 17:34:16 [ERROR] [HPG] All 3 attempts failed: Supported sources: KBS, VCI, MSN, FMP. Got: TCBS
2026-06-04 17:34:16 [WARNING] [HPG] Attempt 1 failed: Supported sources: KBS, VCI, MSN, FMP. Got: TCBS. Retry in 5s…
2026-06-04 17:34:21 [WARNING] [HPG] Attempt 2 failed: Supported sources: KBS, VCI, MSN, FMP. Got: TCBS. Retry in 10s…
2026-06-04 17:34:31 [ERROR] [HPG] All 3 attempts failed: Supported sources: KBS, VCI, MSN, FMP. Got: TCBS
2026-06-04 17:34:31 [WARNING]   [HPG] No data returned — skipping.
2026-06-04 17:34:31 [INFO] [ 18/350] VGC
2026-06-04 17:34:33 [WARNING] [VGC] Attempt 1 failed: 'Trading' object has no attribute 'history'. Retry in 5s…
2026-06-04 17:34:40 [WARNING] [VGC] Attempt 2 failed: 'Trading' object has no attribute 'history'. Retry in 10s…
2026-06-04 17:34:52 [ERROR] [VGC] All 3 attempts failed: 'Trading' object has no attribute 'history'
2026-06-04 17:34:52 [WARNING] [VGC] Attempt 1 failed: Supported sources: KBS, VCI, MSN, FMP. Got: TCBS. Retry in 5s…
2026-06-04 17:34:57 [WARNING] [VGC] Attempt 2 failed: Supported sources: KBS, VCI, MSN, FMP. Got: TCBS. Retry in 10s…
2026-06-04 17:35:07 [ERROR] [VGC] All 3 attempts failed: Supported sources: KBS, VCI, MSN, FMP. Got: TCBS
2026-06-04 17:35:07 [WARNING] [VGC] Attempt 1 failed: Supported sources: KBS, VCI, MSN, FMP. Got: TCBS. Retry in 5s…
2026-06-04 17:35:12 [WARNING] [VGC] Attempt 2 failed: Supported sources: KBS, VCI, MSN, FMP. Got: TCBS. Retry in 10s…
2026-06-04 17:35:22 [ERROR] [VGC] All 3 attempts failed: Supported sources: KBS, VCI, MSN, FMP. Got: TCBS
2026-06-04 17:35:22 [WARNING] [VGC] Attempt 1 failed: Supported sources: KBS, VCI, MSN, FMP. Got: TCBS. Retry in 5s…
2026-06-04 17:35:27 [WARNING] [VGC] Attempt 2 failed: Supported sources: KBS, VCI, MSN, FMP. Got: TCBS. Retry in 10s…
2026-06-04 17:35:37 [ERROR] [VGC] All 3 attempts failed: Supported sources: KBS, VCI, MSN, FMP. Got: TCBS
2026-06-04 17:35:37 [WARNING] [VGC] Attempt 1 failed: Supported sources: KBS, VCI, MSN, FMP. Got: TCBS. Retry in 5s…
2026-06-04 17:35:42 [WARNING] [VGC] Attempt 2 failed: Supported sources: KBS, VCI, MSN, FMP. Got: TCBS. Retry in 10s…
2026-06-04 17:35:52 [ERROR] [VGC] All 3 attempts failed: Supported sources: KBS, VCI, MSN, FMP. Got: TCBS
2026-06-04 17:35:52 [WARNING] [VGC] Attempt 1 failed: Supported sources: KBS, VCI, MSN, FMP. Got: TCBS. Retry in 5s…
2026-06-04 17:35:57 [WARNING] [VGC] Attempt 2 failed: Supported sources: KBS, VCI, MSN, FMP. Got: TCBS. Retry in 10s…
2026-06-04 17:36:07 [ERROR] [VGC] All 3 attempts failed: Supported sources: KBS, VCI, MSN, FMP. Got: TCBS
2026-06-04 17:36:07 [WARNING] [VGC] Attempt 1 failed: Supported sources: KBS, VCI, MSN, FMP. Got: TCBS. Retry in 5s…
2026-06-04 17:36:12 [WARNING] [VGC] Attempt 2 failed: Supported sources: KBS, VCI, MSN, FMP. Got: TCBS. Retry in 10s…
2026-06-04 17:36:22 [ERROR] [VGC] All 3 attempts failed: Supported sources: KBS, VCI, MSN, FMP. Got: TCBS
2026-06-04 17:36:22 [WARNING]   [VGC] No data returned — skipping.
2026-06-04 17:36:22 [INFO] [ 19/350] VCS
2026-06-04 17:36:24 [WARNING] [VCS] Attempt 1 failed: 'Trading' object has no attribute 'history'. Retry in 5s…
2026-06-04 17:36:31 [WARNING] [VCS] Attempt 2 failed: 'Trading' object has no attribute 'history'. Retry in 10s…
2026-06-04 17:36:43 [ERROR] [VCS] All 3 attempts failed: 'Trading' object has no attribute 'history'
2026-06-04 17:36:43 [WARNING] [VCS] Attempt 1 failed: Supported sources: KBS, VCI, MSN, FMP. Got: TCBS. Retry in 5s…
2026-06-04 17:36:48 [WARNING] [VCS] Attempt 2 failed: Supported sources: KBS, VCI, MSN, FMP. Got: TCBS. Retry in 10s…
2026-06-04 17:36:58 [ERROR] [VCS] All 3 attempts failed: Supported sources: KBS, VCI, MSN, FMP. Got: TCBS
2026-06-04 17:36:58 [WARNING] [VCS] Attempt 1 failed: Supported sources: KBS, VCI, MSN, FMP. Got: TCBS. Retry in 5s…
2026-06-04 17:37:03 [WARNING] [VCS] Attempt 2 failed: Supported sources: KBS, VCI, MSN, FMP. Got: TCBS. Retry in 10s…
2026-06-04 17:37:13 [ERROR] [VCS] All 3 attempts failed: Supported sources: KBS, VCI, MSN, FMP. Got: TCBS
2026-06-04 17:37:13 [WARNING] [VCS] Attempt 1 failed: Supported sources: KBS, VCI, MSN, FMP. Got: TCBS. Retry in 5s…
2026-06-04 17:37:18 [WARNING] [VCS] Attempt 2 failed: Supported sources: KBS, VCI, MSN, FMP. Got: TCBS. Retry in 10s…
2026-06-04 17:37:28 [ERROR] [VCS] All 3 attempts failed: Supported sources: KBS, VCI, MSN, FMP. Got: TCBS
2026-06-04 17:37:28 [WARNING] [VCS] Attempt 1 failed: Supported sources: KBS, VCI, MSN, FMP. Got: TCBS. Retry in 5s…
2026-06-04 17:37:33 [WARNING] [VCS] Attempt 2 failed: Supported sources: KBS, VCI, MSN, FMP. Got: TCBS. Retry in 10s…
2026-06-04 17:37:43 [ERROR] [VCS] All 3 attempts failed: Supported sources: KBS, VCI, MSN, FMP. Got: TCBS
2026-06-04 17:37:43 [WARNING] [VCS] Attempt 1 failed: Supported sources: KBS, VCI, MSN, FMP. Got: TCBS. Retry in 5s…
2026-06-04 17:37:48 [WARNING] [VCS] Attempt 2 failed: Supported sources: KBS, VCI, MSN, FMP. Got: TCBS. Retry in 10s…
2026-06-04 17:37:58 [ERROR] [VCS] All 3 attempts failed: Supported sources: KBS, VCI, MSN, FMP. Got: TCBS
2026-06-04 17:37:58 [WARNING] [VCS] Attempt 1 failed: Supported sources: KBS, VCI, MSN, FMP. Got: TCBS. Retry in 5s…
2026-06-04 17:38:03 [WARNING] [VCS] Attempt 2 failed: Supported sources: KBS, VCI, MSN, FMP. Got: TCBS. Retry in 10s…
2026-06-04 17:38:13 [ERROR] [VCS] All 3 attempts failed: Supported sources: KBS, VCI, MSN, FMP. Got: TCBS
2026-06-04 17:38:13 [WARNING]   [VCS] No data returned — skipping.
2026-06-04 17:38:13 [INFO] [ 20/350] HT1
2026-06-04 17:38:15 [WARNING] [HT1] Attempt 1 failed: 'Trading' object has no attribute 'history'. Retry in 5s…
2026-06-04 17:38:22 [WARNING] [HT1] Attempt 2 failed: 'Trading' object has no attribute 'history'. Retry in 10s…
2026-06-04 17:38:34 [ERROR] [HT1] All 3 attempts failed: 'Trading' object has no attribute 'history'
2026-06-04 17:38:34 [WARNING] [HT1] Attempt 1 failed: Supported sources: KBS, VCI, MSN, FMP. Got: TCBS. Retry in 5s…
2026-06-04 17:38:39 [WARNING] [HT1] Attempt 2 failed: Supported sources: KBS, VCI, MSN, FMP. Got: TCBS. Retry in 10s…
2026-06-04 17:38:49 [ERROR] [HT1] All 3 attempts failed: Supported sources: KBS, VCI, MSN, FMP. Got: TCBS
2026-06-04 17:38:49 [WARNING] [HT1] Attempt 1 failed: Supported sources: KBS, VCI, MSN, FMP. Got: TCBS. Retry in 5s…
2026-06-04 17:38:54 [WARNING] [HT1] Attempt 2 failed: Supported sources: KBS, VCI, MSN, FMP. Got: TCBS. Retry in 10s…
2026-06-04 17:39:04 [ERROR] [HT1] All 3 attempts failed: Supported sources: KBS, VCI, MSN, FMP. Got: TCBS
2026-06-04 17:39:04 [WARNING] [HT1] Attempt 1 failed: Supported sources: KBS, VCI, MSN, FMP. Got: TCBS. Retry in 5s…
2026-06-04 17:39:09 [WARNING] [HT1] Attempt 2 failed: Supported sources: KBS, VCI, MSN, FMP. Got: TCBS. Retry in 10s…
2026-06-04 17:39:19 [ERROR] [HT1] All 3 attempts failed: Supported sources: KBS, VCI, MSN, FMP. Got: TCBS
2026-06-04 17:39:19 [WARNING] [HT1] Attempt 1 failed: Supported sources: KBS, VCI, MSN, FMP. Got: TCBS. Retry in 5s…
2026-06-04 17:39:24 [WARNING] [HT1] Attempt 2 failed: Supported sources: KBS, VCI, MSN, FMP. Got: TCBS. Retry in 10s…
2026-06-04 17:39:34 [ERROR] [HT1] All 3 attempts failed: Supported sources: KBS, VCI, MSN, FMP. Got: TCBS
2026-06-04 17:39:34 [WARNING] [HT1] Attempt 1 failed: Supported sources: KBS, VCI, MSN, FMP. Got: TCBS. Retry in 5s…
2026-06-04 17:39:39 [WARNING] [HT1] Attempt 2 failed: Supported sources: KBS, VCI, MSN, FMP. Got: TCBS. Retry in 10s…
2026-06-04 17:39:49 [ERROR] [HT1] All 3 attempts failed: Supported sources: KBS, VCI, MSN, FMP. Got: TCBS
2026-06-04 17:39:49 [WARNING] [HT1] Attempt 1 failed: Supported sources: KBS, VCI, MSN, FMP. Got: TCBS. Retry in 5s…
2026-06-04 17:39:54 [WARNING] [HT1] Attempt 2 failed: Supported sources: KBS, VCI, MSN, FMP. Got: TCBS. Retry in 10s…
2026-06-04 17:40:04 [ERROR] [HT1] All 3 attempts failed: Supported sources: KBS, VCI, MSN, FMP. Got: TCBS
2026-06-04 17:40:04 [WARNING]   [HT1] No data returned — skipping.
2026-06-04 17:40:04 [INFO] [ 21/350] SKV
2026-06-04 17:40:07 [WARNING] [SKV] Attempt 1 failed: 'Trading' object has no attribute 'history'. Retry in 5s…
2026-06-04 17:40:14 [WARNING] [SKV] Attempt 2 failed: 'Trading' object has no attribute 'history'. Retry in 10s…
2026-06-04 17:40:26 [ERROR] [SKV] All 3 attempts failed: 'Trading' object has no attribute 'history'
2026-06-04 17:40:26 [WARNING] [SKV] Attempt 1 failed: Supported sources: KBS, VCI, MSN, FMP. Got: TCBS. Retry in 5s…
2026-06-04 17:40:31 [WARNING] [SKV] Attempt 2 failed: Supported sources: KBS, VCI, MSN, FMP. Got: TCBS. Retry in 10s…
2026-06-04 17:40:41 [ERROR] [SKV] All 3 attempts failed: Supported sources: KBS, VCI, MSN, FMP. Got: TCBS
2026-06-04 17:40:41 [WARNING] [SKV] Attempt 1 failed: Supported sources: KBS, VCI, MSN, FMP. Got: TCBS. Retry in 5s…
2026-06-04 17:40:46 [WARNING] [SKV] Attempt 2 failed: Supported sources: KBS, VCI, MSN, FMP. Got: TCBS. Retry in 10s…
2026-06-04 17:40:56 [ERROR] [SKV] All 3 attempts failed: Supported sources: KBS, VCI, MSN, FMP. Got: TCBS
2026-06-04 17:40:56 [WARNING] [SKV] Attempt 1 failed: Supported sources: KBS, VCI, MSN, FMP. Got: TCBS. Retry in 5s…
2026-06-04 17:41:01 [WARNING] [SKV] Attempt 2 failed: Supported sources: KBS, VCI, MSN, FMP. Got: TCBS. Retry in 10s…
2026-06-04 17:41:11 [ERROR] [SKV] All 3 attempts failed: Supported sources: KBS, VCI, MSN, FMP. Got: TCBS
2026-06-04 17:41:11 [WARNING] [SKV] Attempt 1 failed: Supported sources: KBS, VCI, MSN, FMP. Got: TCBS. Retry in 5s…
2026-06-04 17:41:16 [WARNING] [SKV] Attempt 2 failed: Supported sources: KBS, VCI, MSN, FMP. Got: TCBS. Retry in 10s…
2026-06-04 17:41:26 [ERROR] [SKV] All 3 attempts failed: Supported sources: KBS, VCI, MSN, FMP. Got: TCBS
2026-06-04 17:41:26 [WARNING] [SKV] Attempt 1 failed: Supported sources: KBS, VCI, MSN, FMP. Got: TCBS. Retry in 5s…
2026-06-04 17:41:31 [WARNING] [SKV] Attempt 2 failed: Supported sources: KBS, VCI, MSN, FMP. Got: TCBS. Retry in 10s…
2026-06-04 17:41:41 [ERROR] [SKV] All 3 attempts failed: Supported sources: KBS, VCI, MSN, FMP. Got: TCBS
2026-06-04 17:41:41 [WARNING] [SKV] Attempt 1 failed: Supported sources: KBS, VCI, MSN, FMP. Got: TCBS. Retry in 5s…
2026-06-04 17:41:46 [WARNING] [SKV] Attempt 2 failed: Supported sources: KBS, VCI, MSN, FMP. Got: TCBS. Retry in 10s…
2026-06-04 17:41:56 [ERROR] [SKV] All 3 attempts failed: Supported sources: KBS, VCI, MSN, FMP. Got: TCBS
2026-06-04 17:41:56 [WARNING]   [SKV] No data returned — skipping.
2026-06-04 17:41:56 [INFO] [ 22/350] SSG
2026-06-04 17:41:58 [WARNING] [SSG] Attempt 1 failed: 'Trading' object has no attribute 'history'. Retry in 5s…
2026-06-04 17:42:05 [WARNING] [SSG] Attempt 2 failed: 'Trading' object has no attribute 'history'. Retry in 10s…
2026-06-04 17:42:17 [ERROR] [SSG] All 3 attempts failed: 'Trading' object has no attribute 'history'
2026-06-04 17:42:17 [WARNING] [SSG] Attempt 1 failed: Supported sources: KBS, VCI, MSN, FMP. Got: TCBS. Retry in 5s…
2026-06-04 17:42:22 [WARNING] [SSG] Attempt 2 failed: Supported sources: KBS, VCI, MSN, FMP. Got: TCBS. Retry in 10s…
2026-06-04 17:42:32 [ERROR] [SSG] All 3 attempts failed: Supported sources: KBS, VCI, MSN, FMP. Got: TCBS
2026-06-04 17:42:32 [WARNING] [SSG] Attempt 1 failed: Supported sources: KBS, VCI, MSN, FMP. Got: TCBS. Retry in 5s…
2026-06-04 17:42:37 [WARNING] [SSG] Attempt 2 failed: Supported sources: KBS, VCI, MSN, FMP. Got: TCBS. Retry in 10s…
2026-06-04 17:42:47 [ERROR] [SSG] All 3 attempts failed: Supported sources: KBS, VCI, MSN, FMP. Got: TCBS
2026-06-04 17:42:47 [WARNING] [SSG] Attempt 1 failed: Supported sources: KBS, VCI, MSN, FMP. Got: TCBS. Retry in 5s…
2026-06-04 17:42:52 [WARNING] [SSG] Attempt 2 failed: Supported sources: KBS, VCI, MSN, FMP. Got: TCBS. Retry in 10s…
2026-06-04 17:43:02 [ERROR] [SSG] All 3 attempts failed: Supported sources: KBS, VCI, MSN, FMP. Got: TCBS
2026-06-04 17:43:02 [WARNING] [SSG] Attempt 1 failed: Supported sources: KBS, VCI, MSN, FMP. Got: TCBS. Retry in 5s…
2026-06-04 17:43:07 [WARNING] [SSG] Attempt 2 failed: Supported sources: KBS, VCI, MSN, FMP. Got: TCBS. Retry in 10s…
2026-06-04 17:43:17 [ERROR] [SSG] All 3 attempts failed: Supported sources: KBS, VCI, MSN, FMP. Got: TCBS
2026-06-04 17:43:17 [WARNING] [SSG] Attempt 1 failed: Supported sources: KBS, VCI, MSN, FMP. Got: TCBS. Retry in 5s…
2026-06-04 17:43:22 [WARNING] [SSG] Attempt 2 failed: Supported sources: KBS, VCI, MSN, FMP. Got: TCBS. Retry in 10s…
2026-06-04 17:43:32 [ERROR] [SSG] All 3 attempts failed: Supported sources: KBS, VCI, MSN, FMP. Got: TCBS
2026-06-04 17:43:32 [WARNING] [SSG] Attempt 1 failed: Supported sources: KBS, VCI, MSN, FMP. Got: TCBS. Retry in 5s…
2026-06-04 17:43:37 [WARNING] [SSG] Attempt 2 failed: Supported sources: KBS, VCI, MSN, FMP. Got: TCBS. Retry in 10s…
2026-06-04 17:43:47 [ERROR] [SSG] All 3 attempts failed: Supported sources: KBS, VCI, MSN, FMP. Got: TCBS
2026-06-04 17:43:47 [WARNING]   [SSG] No data returned — skipping.
2026-06-04 17:43:47 [INFO] [ 23/350] HAD
2026-06-04 17:43:49 [WARNING] [HAD] Attempt 1 failed: 'Trading' object has no attribute 'history'. Retry in 5s…
2026-06-04 17:43:56 [WARNING] [HAD] Attempt 2 failed: 'Trading' object has no attribute 'history'. Retry in 10s…
2026-06-04 17:44:08 [ERROR] [HAD] All 3 attempts failed: 'Trading' object has no attribute 'history'
2026-06-04 17:44:08 [WARNING] [HAD] Attempt 1 failed: Supported sources: KBS, VCI, MSN, FMP. Got: TCBS. Retry in 5s…
2026-06-04 17:44:13 [WARNING] [HAD] Attempt 2 failed: Supported sources: KBS, VCI, MSN, FMP. Got: TCBS. Retry in 10s…
2026-06-04 17:44:23 [ERROR] [HAD] All 3 attempts failed: Supported sources: KBS, VCI, MSN, FMP. Got: TCBS
2026-06-04 17:44:23 [WARNING] [HAD] Attempt 1 failed: Supported sources: KBS, VCI, MSN, FMP. Got: TCBS. Retry in 5s…
2026-06-04 17:44:28 [WARNING] [HAD] Attempt 2 failed: Supported sources: KBS, VCI, MSN, FMP. Got: TCBS. Retry in 10s…
2026-06-04 17:44:38 [ERROR] [HAD] All 3 attempts failed: Supported sources: KBS, VCI, MSN, FMP. Got: TCBS
2026-06-04 17:44:38 [WARNING] [HAD] Attempt 1 failed: Supported sources: KBS, VCI, MSN, FMP. Got: TCBS. Retry in 5s…
2026-06-04 17:44:43 [WARNING] [HAD] Attempt 2 failed: Supported sources: KBS, VCI, MSN, FMP. Got: TCBS. Retry in 10s…
2026-06-04 17:44:53 [ERROR] [HAD] All 3 attempts failed: Supported sources: KBS, VCI, MSN, FMP. Got: TCBS
2026-06-04 17:44:53 [WARNING] [HAD] Attempt 1 failed: Supported sources: KBS, VCI, MSN, FMP. Got: TCBS. Retry in 5s…
2026-06-04 17:44:58 [WARNING] [HAD] Attempt 2 failed: Supported sources: KBS, VCI, MSN, FMP. Got: TCBS. Retry in 10s…
2026-06-04 17:45:08 [ERROR] [HAD] All 3 attempts failed: Supported sources: KBS, VCI, MSN, FMP. Got: TCBS
2026-06-04 17:45:08 [WARNING] [HAD] Attempt 1 failed: Supported sources: KBS, VCI, MSN, FMP. Got: TCBS. Retry in 5s…
2026-06-04 17:45:13 [WARNING] [HAD] Attempt 2 failed: Supported sources: KBS, VCI, MSN, FMP. Got: TCBS. Retry in 10s…
2026-06-04 17:45:23 [ERROR] [HAD] All 3 attempts failed: Supported sources: KBS, VCI, MSN, FMP. Got: TCBS
2026-06-04 17:45:23 [WARNING] [HAD] Attempt 1 failed: Supported sources: KBS, VCI, MSN, FMP. Got: TCBS. Retry in 5s…
2026-06-04 17:45:28 [WARNING] [HAD] Attempt 2 failed: Supported sources: KBS, VCI, MSN, FMP. Got: TCBS. Retry in 10s…
2026-06-04 17:45:38 [ERROR] [HAD] All 3 attempts failed: Supported sources: KBS, VCI, MSN, FMP. Got: TCBS
2026-06-04 17:45:38 [WARNING]   [HAD] No data returned — skipping.
2026-06-04 17:45:38 [INFO] [ 24/350] TVT
2026-06-04 17:45:40 [WARNING] [TVT] Attempt 1 failed: 'Trading' object has no attribute 'history'. Retry in 5s…
2026-06-04 17:45:47 [WARNING] [TVT] Attempt 2 failed: 'Trading' object has no attribute 'history'. Retry in 10s…
2026-06-04 17:45:59 [ERROR] [TVT] All 3 attempts failed: 'Trading' object has no attribute 'history'
2026-06-04 17:45:59 [WARNING] [TVT] Attempt 1 failed: Supported sources: KBS, VCI, MSN, FMP. Got: TCBS. Retry in 5s…
2026-06-04 17:46:04 [WARNING] [TVT] Attempt 2 failed: Supported sources: KBS, VCI, MSN, FMP. Got: TCBS. Retry in 10s…
2026-06-04 17:46:14 [ERROR] [TVT] All 3 attempts failed: Supported sources: KBS, VCI, MSN, FMP. Got: TCBS
2026-06-04 17:46:14 [WARNING] [TVT] Attempt 1 failed: Supported sources: KBS, VCI, MSN, FMP. Got: TCBS. Retry in 5s…
2026-06-04 17:46:19 [WARNING] [TVT] Attempt 2 failed: Supported sources: KBS, VCI, MSN, FMP. Got: TCBS. Retry in 10s…
2026-06-04 17:46:29 [ERROR] [TVT] All 3 attempts failed: Supported sources: KBS, VCI, MSN, FMP. Got: TCBS
2026-06-04 17:46:29 [WARNING] [TVT] Attempt 1 failed: Supported sources: KBS, VCI, MSN, FMP. Got: TCBS. Retry in 5s…
2026-06-04 17:46:34 [WARNING] [TVT] Attempt 2 failed: Supported sources: KBS, VCI, MSN, FMP. Got: TCBS. Retry in 10s…
2026-06-04 17:46:44 [ERROR] [TVT] All 3 attempts failed: Supported sources: KBS, VCI, MSN, FMP. Got: TCBS
2026-06-04 17:46:44 [WARNING] [TVT] Attempt 1 failed: Supported sources: KBS, VCI, MSN, FMP. Got: TCBS. Retry in 5s…
2026-06-04 17:46:49 [WARNING] [TVT] Attempt 2 failed: Supported sources: KBS, VCI, MSN, FMP. Got: TCBS. Retry in 10s…
2026-06-04 17:46:59 [ERROR] [TVT] All 3 attempts failed: Supported sources: KBS, VCI, MSN, FMP. Got: TCBS
2026-06-04 17:46:59 [WARNING] [TVT] Attempt 1 failed: Supported sources: KBS, VCI, MSN, FMP. Got: TCBS. Retry in 5s…
2026-06-04 17:47:04 [WARNING] [TVT] Attempt 2 failed: Supported sources: KBS, VCI, MSN, FMP. Got: TCBS. Retry in 10s…
2026-06-04 17:47:14 [ERROR] [TVT] All 3 attempts failed: Supported sources: KBS, VCI, MSN, FMP. Got: TCBS
2026-06-04 17:47:14 [WARNING] [TVT] Attempt 1 failed: Supported sources: KBS, VCI, MSN, FMP. Got: TCBS. Retry in 5s…
2026-06-04 17:47:19 [WARNING] [TVT] Attempt 2 failed: Supported sources: KBS, VCI, MSN, FMP. Got: TCBS. Retry in 10s…
2026-06-04 17:47:29 [ERROR] [TVT] All 3 attempts failed: Supported sources: KBS, VCI, MSN, FMP. Got: TCBS
2026-06-04 17:47:29 [WARNING]   [TVT] No data returned — skipping.
2026-06-04 17:47:29 [INFO] [ 25/350] VRG
2026-06-04 17:47:31 [WARNING] [VRG] Attempt 1 failed: 'Trading' object has no attribute 'history'. Retry in 5s…
2026-06-04 17:47:38 [WARNING] [VRG] Attempt 2 failed: 'Trading' object has no attribute 'history'. Retry in 10s…
2026-06-04 17:47:50 [ERROR] [VRG] All 3 attempts failed: 'Trading' object has no attribute 'history'
2026-06-04 17:47:50 [WARNING] [VRG] Attempt 1 failed: Supported sources: KBS, VCI, MSN, FMP. Got: TCBS. Retry in 5s…
2026-06-04 17:47:55 [WARNING] [VRG] Attempt 2 failed: Supported sources: KBS, VCI, MSN, FMP. Got: TCBS. Retry in 10s…
2026-06-04 17:48:05 [ERROR] [VRG] All 3 attempts failed: Supported sources: KBS, VCI, MSN, FMP. Got: TCBS
2026-06-04 17:48:05 [WARNING] [VRG] Attempt 1 failed: Supported sources: KBS, VCI, MSN, FMP. Got: TCBS. Retry in 5s…
2026-06-04 17:48:10 [WARNING] [VRG] Attempt 2 failed: Supported sources: KBS, VCI, MSN, FMP. Got: TCBS. Retry in 10s…
2026-06-04 17:48:20 [ERROR] [VRG] All 3 attempts failed: Supported sources: KBS, VCI, MSN, FMP. Got: TCBS
2026-06-04 17:48:20 [WARNING] [VRG] Attempt 1 failed: Supported sources: KBS, VCI, MSN, FMP. Got: TCBS. Retry in 5s…
2026-06-04 17:48:25 [WARNING] [VRG] Attempt 2 failed: Supported sources: KBS, VCI, MSN, FMP. Got: TCBS. Retry in 10s…
2026-06-04 17:48:35 [ERROR] [VRG] All 3 attempts failed: Supported sources: KBS, VCI, MSN, FMP. Got: TCBS
2026-06-04 17:48:35 [WARNING] [VRG] Attempt 1 failed: Supported sources: KBS, VCI, MSN, FMP. Got: TCBS. Retry in 5s…
2026-06-04 17:48:40 [WARNING] [VRG] Attempt 2 failed: Supported sources: KBS, VCI, MSN, FMP. Got: TCBS. Retry in 10s…
2026-06-04 17:48:50 [ERROR] [VRG] All 3 attempts failed: Supported sources: KBS, VCI, MSN, FMP. Got: TCBS
2026-06-04 17:48:50 [WARNING] [VRG] Attempt 1 failed: Supported sources: KBS, VCI, MSN, FMP. Got: TCBS. Retry in 5s…
2026-06-04 17:48:55 [WARNING] [VRG] Attempt 2 failed: Supported sources: KBS, VCI, MSN, FMP. Got: TCBS. Retry in 10s…
2026-06-04 17:49:05 [ERROR] [VRG] All 3 attempts failed: Supported sources: KBS, VCI, MSN, FMP. Got: TCBS
2026-06-04 17:49:05 [WARNING] [VRG] Attempt 1 failed: Supported sources: KBS, VCI, MSN, FMP. Got: TCBS. Retry in 5s…
2026-06-04 17:49:10 [WARNING] [VRG] Attempt 2 failed: Supported sources: KBS, VCI, MSN, FMP. Got: TCBS. Retry in 10s…
2026-06-04 17:49:20 [ERROR] [VRG] All 3 attempts failed: Supported sources: KBS, VCI, MSN, FMP. Got: TCBS
2026-06-04 17:49:20 [WARNING]   [VRG] No data returned — skipping.
2026-06-04 17:49:20 [INFO] [ 26/350] DGW
2026-06-04 17:49:22 [WARNING] [DGW] Attempt 1 failed: 'Trading' object has no attribute 'history'. Retry in 5s…
2026-06-04 17:49:29 [WARNING] [DGW] Attempt 2 failed: 'Trading' object has no attribute 'history'. Retry in 10s…
2026-06-04 17:49:41 [ERROR] [DGW] All 3 attempts failed: 'Trading' object has no attribute 'history'
2026-06-04 17:49:41 [WARNING] [DGW] Attempt 1 failed: Supported sources: KBS, VCI, MSN, FMP. Got: TCBS. Retry in 5s…
2026-06-04 17:49:46 [WARNING] [DGW] Attempt 2 failed: Supported sources: KBS, VCI, MSN, FMP. Got: TCBS. Retry in 10s…
2026-06-04 17:49:56 [ERROR] [DGW] All 3 attempts failed: Supported sources: KBS, VCI, MSN, FMP. Got: TCBS
2026-06-04 17:49:56 [WARNING] [DGW] Attempt 1 failed: Supported sources: KBS, VCI, MSN, FMP. Got: TCBS. Retry in 5s…
2026-06-04 17:50:01 [WARNING] [DGW] Attempt 2 failed: Supported sources: KBS, VCI, MSN, FMP. Got: TCBS. Retry in 10s…
2026-06-04 17:50:11 [ERROR] [DGW] All 3 attempts failed: Supported sources: KBS, VCI, MSN, FMP. Got: TCBS
2026-06-04 17:50:11 [WARNING] [DGW] Attempt 1 failed: Supported sources: KBS, VCI, MSN, FMP. Got: TCBS. Retry in 5s…
2026-06-04 17:50:16 [WARNING] [DGW] Attempt 2 failed: Supported sources: KBS, VCI, MSN, FMP. Got: TCBS. Retry in 10s…
2026-06-04 17:50:26 [ERROR] [DGW] All 3 attempts failed: Supported sources: KBS, VCI, MSN, FMP. Got: TCBS
2026-06-04 17:50:26 [WARNING] [DGW] Attempt 1 failed: Supported sources: KBS, VCI, MSN, FMP. Got: TCBS. Retry in 5s…
2026-06-04 17:50:31 [WARNING] [DGW] Attempt 2 failed: Supported sources: KBS, VCI, MSN, FMP. Got: TCBS. Retry in 10s…
2026-06-04 17:50:41 [ERROR] [DGW] All 3 attempts failed: Supported sources: KBS, VCI, MSN, FMP. Got: TCBS
2026-06-04 17:50:41 [WARNING] [DGW] Attempt 1 failed: Supported sources: KBS, VCI, MSN, FMP. Got: TCBS. Retry in 5s…
2026-06-04 17:50:46 [WARNING] [DGW] Attempt 2 failed: Supported sources: KBS, VCI, MSN, FMP. Got: TCBS. Retry in 10s…
2026-06-04 17:50:56 [ERROR] [DGW] All 3 attempts failed: Supported sources: KBS, VCI, MSN, FMP. Got: TCBS
2026-06-04 17:50:56 [WARNING] [DGW] Attempt 1 failed: Supported sources: KBS, VCI, MSN, FMP. Got: TCBS. Retry in 5s…
2026-06-04 17:51:01 [WARNING] [DGW] Attempt 2 failed: Supported sources: KBS, VCI, MSN, FMP. Got: TCBS. Retry in 10s…
2026-06-04 17:51:11 [ERROR] [DGW] All 3 attempts failed: Supported sources: KBS, VCI, MSN, FMP. Got: TCBS
2026-06-04 17:51:11 [WARNING]   [DGW] No data returned — skipping.
2026-06-04 17:51:11 [INFO] [ 27/350] VNI
2026-06-04 17:51:12 [WARNING] [VNI] Attempt 1 failed: 'Trading' object has no attribute 'history'. Retry in 5s…
2026-06-04 17:51:19 [WARNING] [VNI] Attempt 2 failed: 'Trading' object has no attribute 'history'. Retry in 10s…
2026-06-04 17:51:31 [ERROR] [VNI] All 3 attempts failed: 'Trading' object has no attribute 'history'
2026-06-04 17:51:31 [WARNING] [VNI] Attempt 1 failed: Supported sources: KBS, VCI, MSN, FMP. Got: TCBS. Retry in 5s…
2026-06-04 17:51:36 [WARNING] [VNI] Attempt 2 failed: Supported sources: KBS, VCI, MSN, FMP. Got: TCBS. Retry in 10s…
2026-06-04 17:51:46 [ERROR] [VNI] All 3 attempts failed: Supported sources: KBS, VCI, MSN, FMP. Got: TCBS
2026-06-04 17:51:46 [WARNING] [VNI] Attempt 1 failed: Supported sources: KBS, VCI, MSN, FMP. Got: TCBS. Retry in 5s…
2026-06-04 17:51:51 [WARNING] [VNI] Attempt 2 failed: Supported sources: KBS, VCI, MSN, FMP. Got: TCBS. Retry in 10s…
2026-06-04 17:52:01 [ERROR] [VNI] All 3 attempts failed: Supported sources: KBS, VCI, MSN, FMP. Got: TCBS
2026-06-04 17:52:01 [WARNING] [VNI] Attempt 1 failed: Supported sources: KBS, VCI, MSN, FMP. Got: TCBS. Retry in 5s…
2026-06-04 17:52:06 [WARNING] [VNI] Attempt 2 failed: Supported sources: KBS, VCI, MSN, FMP. Got: TCBS. Retry in 10s…
2026-06-04 17:52:16 [ERROR] [VNI] All 3 attempts failed: Supported sources: KBS, VCI, MSN, FMP. Got: TCBS
2026-06-04 17:52:16 [WARNING] [VNI] Attempt 1 failed: Supported sources: KBS, VCI, MSN, FMP. Got: TCBS. Retry in 5s…
2026-06-04 17:52:21 [WARNING] [VNI] Attempt 2 failed: Supported sources: KBS, VCI, MSN, FMP. Got: TCBS. Retry in 10s…
2026-06-04 17:52:31 [ERROR] [VNI] All 3 attempts failed: Supported sources: KBS, VCI, MSN, FMP. Got: TCBS
2026-06-04 17:52:31 [WARNING] [VNI] Attempt 1 failed: Supported sources: KBS, VCI, MSN, FMP. Got: TCBS. Retry in 5s…
2026-06-04 17:52:36 [WARNING] [VNI] Attempt 2 failed: Supported sources: KBS, VCI, MSN, FMP. Got: TCBS. Retry in 10s…
2026-06-04 17:52:46 [ERROR] [VNI] All 3 attempts failed: Supported sources: KBS, VCI, MSN, FMP. Got: TCBS
2026-06-04 17:52:46 [WARNING] [VNI] Attempt 1 failed: Supported sources: KBS, VCI, MSN, FMP. Got: TCBS. Retry in 5s…
2026-06-04 17:52:51 [WARNING] [VNI] Attempt 2 failed: Supported sources: KBS, VCI, MSN, FMP. Got: TCBS. Retry in 10s…
2026-06-04 17:53:01 [ERROR] [VNI] All 3 attempts failed: Supported sources: KBS, VCI, MSN, FMP. Got: TCBS
2026-06-04 17:53:01 [WARNING]   [VNI] No data returned — skipping.
2026-06-04 17:53:01 [INFO] [ 28/350] L12
2026-06-04 17:53:03 [WARNING] [L12] Attempt 1 failed: 'Trading' object has no attribute 'history'. Retry in 5s…
2026-06-04 17:53:10 [WARNING] [L12] Attempt 2 failed: 'Trading' object has no attribute 'history'. Retry in 10s…
2026-06-04 17:53:22 [ERROR] [L12] All 3 attempts failed: 'Trading' object has no attribute 'history'
2026-06-04 17:53:22 [WARNING] [L12] Attempt 1 failed: Supported sources: KBS, VCI, MSN, FMP. Got: TCBS. Retry in 5s…
2026-06-04 17:53:27 [WARNING] [L12] Attempt 2 failed: Supported sources: KBS, VCI, MSN, FMP. Got: TCBS. Retry in 10s…
2026-06-04 17:53:37 [ERROR] [L12] All 3 attempts failed: Supported sources: KBS, VCI, MSN, FMP. Got: TCBS
2026-06-04 17:53:37 [WARNING] [L12] Attempt 1 failed: Supported sources: KBS, VCI, MSN, FMP. Got: TCBS. Retry in 5s…
2026-06-04 17:53:42 [WARNING] [L12] Attempt 2 failed: Supported sources: KBS, VCI, MSN, FMP. Got: TCBS. Retry in 10s…
2026-06-04 17:53:52 [ERROR] [L12] All 3 attempts failed: Supported sources: KBS, VCI, MSN, FMP. Got: TCBS
2026-06-04 17:53:52 [WARNING] [L12] Attempt 1 failed: Supported sources: KBS, VCI, MSN, FMP. Got: TCBS. Retry in 5s…
2026-06-04 17:53:57 [WARNING] [L12] Attempt 2 failed: Supported sources: KBS, VCI, MSN, FMP. Got: TCBS. Retry in 10s…
2026-06-04 17:54:07 [ERROR] [L12] All 3 attempts failed: Supported sources: KBS, VCI, MSN, FMP. Got: TCBS
2026-06-04 17:54:07 [WARNING] [L12] Attempt 1 failed: Supported sources: KBS, VCI, MSN, FMP. Got: TCBS. Retry in 5s…
2026-06-04 17:54:12 [WARNING] [L12] Attempt 2 failed: Supported sources: KBS, VCI, MSN, FMP. Got: TCBS. Retry in 10s…
2026-06-04 17:54:22 [ERROR] [L12] All 3 attempts failed: Supported sources: KBS, VCI, MSN, FMP. Got: TCBS
2026-06-04 17:54:22 [WARNING] [L12] Attempt 1 failed: Supported sources: KBS, VCI, MSN, FMP. Got: TCBS. Retry in 5s…
2026-06-04 17:54:27 [WARNING] [L12] Attempt 2 failed: Supported sources: KBS, VCI, MSN, FMP. Got: TCBS. Retry in 10s…
2026-06-04 17:54:37 [ERROR] [L12] All 3 attempts failed: Supported sources: KBS, VCI, MSN, FMP. Got: TCBS
2026-06-04 17:54:37 [WARNING] [L12] Attempt 1 failed: Supported sources: KBS, VCI, MSN, FMP. Got: TCBS. Retry in 5s…
2026-06-04 17:54:42 [WARNING] [L12] Attempt 2 failed: Supported sources: KBS, VCI, MSN, FMP. Got: TCBS. Retry in 10s…
2026-06-04 17:54:52 [ERROR] [L12] All 3 attempts failed: Supported sources: KBS, VCI, MSN, FMP. Got: TCBS
2026-06-04 17:54:52 [WARNING]   [L12] No data returned — skipping.
2026-06-04 17:54:52 [INFO] [ 29/350] NDC
2026-06-04 17:54:54 [WARNING] [NDC] Attempt 1 failed: 'Trading' object has no attribute 'history'. Retry in 5s…
2026-06-04 17:55:00 [WARNING] [NDC] Attempt 2 failed: 'Trading' object has no attribute 'history'. Retry in 10s…
2026-06-04 17:55:12 [ERROR] [NDC] All 3 attempts failed: 'Trading' object has no attribute 'history'
2026-06-04 17:55:12 [WARNING] [NDC] Attempt 1 failed: Supported sources: KBS, VCI, MSN, FMP. Got: TCBS. Retry in 5s…
2026-06-04 17:55:17 [WARNING] [NDC] Attempt 2 failed: Supported sources: KBS, VCI, MSN, FMP. Got: TCBS. Retry in 10s…
2026-06-04 17:55:27 [ERROR] [NDC] All 3 attempts failed: Supported sources: KBS, VCI, MSN, FMP. Got: TCBS
2026-06-04 17:55:27 [WARNING] [NDC] Attempt 1 failed: Supported sources: KBS, VCI, MSN, FMP. Got: TCBS. Retry in 5s…
2026-06-04 17:55:32 [WARNING] [NDC] Attempt 2 failed: Supported sources: KBS, VCI, MSN, FMP. Got: TCBS. Retry in 10s…
2026-06-04 17:55:42 [ERROR] [NDC] All 3 attempts failed: Supported sources: KBS, VCI, MSN, FMP. Got: TCBS
2026-06-04 17:55:42 [WARNING] [NDC] Attempt 1 failed: Supported sources: KBS, VCI, MSN, FMP. Got: TCBS. Retry in 5s…
2026-06-04 17:55:47 [WARNING] [NDC] Attempt 2 failed: Supported sources: KBS, VCI, MSN, FMP. Got: TCBS. Retry in 10s…
2026-06-04 17:55:57 [ERROR] [NDC] All 3 attempts failed: Supported sources: KBS, VCI, MSN, FMP. Got: TCBS
2026-06-04 17:55:57 [WARNING] [NDC] Attempt 1 failed: Supported sources: KBS, VCI, MSN, FMP. Got: TCBS. Retry in 5s…
2026-06-04 17:56:02 [WARNING] [NDC] Attempt 2 failed: Supported sources: KBS, VCI, MSN, FMP. Got: TCBS. Retry in 10s…
2026-06-04 17:56:12 [ERROR] [NDC] All 3 attempts failed: Supported sources: KBS, VCI, MSN, FMP. Got: TCBS
2026-06-04 17:56:12 [WARNING] [NDC] Attempt 1 failed: Supported sources: KBS, VCI, MSN, FMP. Got: TCBS. Retry in 5s…
2026-06-04 17:56:17 [WARNING] [NDC] Attempt 2 failed: Supported sources: KBS, VCI, MSN, FMP. Got: TCBS. Retry in 10s…
2026-06-04 17:56:27 [ERROR] [NDC] All 3 attempts failed: Supported sources: KBS, VCI, MSN, FMP. Got: TCBS
2026-06-04 17:56:27 [WARNING] [NDC] Attempt 1 failed: Supported sources: KBS, VCI, MSN, FMP. Got: TCBS. Retry in 5s…
2026-06-04 17:56:32 [WARNING] [NDC] Attempt 2 failed: Supported sources: KBS, VCI, MSN, FMP. Got: TCBS. Retry in 10s…
2026-06-04 17:56:42 [ERROR] [NDC] All 3 attempts failed: Supported sources: KBS, VCI, MSN, FMP. Got: TCBS
2026-06-04 17:56:42 [WARNING]   [NDC] No data returned — skipping.
2026-06-04 17:56:42 [INFO] [ 30/350] UDJ
2026-06-04 17:56:43 [WARNING] [UDJ] Attempt 1 failed: 'Trading' object has no attribute 'history'. Retry in 5s…
2026-06-04 17:56:50 [WARNING] [UDJ] Attempt 2 failed: 'Trading' object has no attribute 'history'. Retry in 10s…
2026-06-04 17:57:02 [ERROR] [UDJ] All 3 attempts failed: 'Trading' object has no attribute 'history'
2026-06-04 17:57:02 [WARNING] [UDJ] Attempt 1 failed: Supported sources: KBS, VCI, MSN, FMP. Got: TCBS. Retry in 5s…
2026-06-04 17:57:07 [WARNING] [UDJ] Attempt 2 failed: Supported sources: KBS, VCI, MSN, FMP. Got: TCBS. Retry in 10s…
2026-06-04 17:57:17 [ERROR] [UDJ] All 3 attempts failed: Supported sources: KBS, VCI, MSN, FMP. Got: TCBS
2026-06-04 17:57:17 [WARNING] [UDJ] Attempt 1 failed: Supported sources: KBS, VCI, MSN, FMP. Got: TCBS. Retry in 5s…
2026-06-04 17:57:22 [WARNING] [UDJ] Attempt 2 failed: Supported sources: KBS, VCI, MSN, FMP. Got: TCBS. Retry in 10s…
2026-06-04 17:57:32 [ERROR] [UDJ] All 3 attempts failed: Supported sources: KBS, VCI, MSN, FMP. Got: TCBS
2026-06-04 17:57:32 [WARNING] [UDJ] Attempt 1 failed: Supported sources: KBS, VCI, MSN, FMP. Got: TCBS. Retry in 5s…
2026-06-04 17:57:37 [WARNING] [UDJ] Attempt 2 failed: Supported sources: KBS, VCI, MSN, FMP. Got: TCBS. Retry in 10s…
2026-06-04 17:57:47 [ERROR] [UDJ] All 3 attempts failed: Supported sources: KBS, VCI, MSN, FMP. Got: TCBS
2026-06-04 17:57:47 [WARNING] [UDJ] Attempt 1 failed: Supported sources: KBS, VCI, MSN, FMP. Got: TCBS. Retry in 5s…
2026-06-04 17:57:52 [WARNING] [UDJ] Attempt 2 failed: Supported sources: KBS, VCI, MSN, FMP. Got: TCBS. Retry in 10s…
2026-06-04 17:58:02 [ERROR] [UDJ] All 3 attempts failed: Supported sources: KBS, VCI, MSN, FMP. Got: TCBS
2026-06-04 17:58:02 [WARNING] [UDJ] Attempt 1 failed: Supported sources: KBS, VCI, MSN, FMP. Got: TCBS. Retry in 5s…
2026-06-04 17:58:07 [WARNING] [UDJ] Attempt 2 failed: Supported sources: KBS, VCI, MSN, FMP. Got: TCBS. Retry in 10s…
2026-06-04 17:58:17 [ERROR] [UDJ] All 3 attempts failed: Supported sources: KBS, VCI, MSN, FMP. Got: TCBS
2026-06-04 17:58:17 [WARNING] [UDJ] Attempt 1 failed: Supported sources: KBS, VCI, MSN, FMP. Got: TCBS. Retry in 5s…
2026-06-04 17:58:22 [WARNING] [UDJ] Attempt 2 failed: Supported sources: KBS, VCI, MSN, FMP. Got: TCBS. Retry in 10s…
2026-06-04 17:58:32 [ERROR] [UDJ] All 3 attempts failed: Supported sources: KBS, VCI, MSN, FMP. Got: TCBS
2026-06-04 17:58:32 [WARNING]   [UDJ] No data returned — skipping.
2026-06-04 17:58:32 [INFO] [ 31/350] GND
2026-06-04 17:58:34 [WARNING] [GND] Attempt 1 failed: 'Trading' object has no attribute 'history'. Retry in 5s…
2026-06-04 17:58:41 [WARNING] [GND] Attempt 2 failed: 'Trading' object has no attribute 'history'. Retry in 10s…
2026-06-04 17:58:52 [ERROR] [GND] All 3 attempts failed: 'Trading' object has no attribute 'history'
2026-06-04 17:58:52 [WARNING] [GND] Attempt 1 failed: Supported sources: KBS, VCI, MSN, FMP. Got: TCBS. Retry in 5s…
2026-06-04 17:58:57 [WARNING] [GND] Attempt 2 failed: Supported sources: KBS, VCI, MSN, FMP. Got: TCBS. Retry in 10s…
2026-06-04 17:59:07 [ERROR] [GND] All 3 attempts failed: Supported sources: KBS, VCI, MSN, FMP. Got: TCBS
2026-06-04 17:59:07 [WARNING] [GND] Attempt 1 failed: Supported sources: KBS, VCI, MSN, FMP. Got: TCBS. Retry in 5s…
2026-06-04 17:59:12 [WARNING] [GND] Attempt 2 failed: Supported sources: KBS, VCI, MSN, FMP. Got: TCBS. Retry in 10s…
2026-06-04 17:59:22 [ERROR] [GND] All 3 attempts failed: Supported sources: KBS, VCI, MSN, FMP. Got: TCBS
2026-06-04 17:59:22 [WARNING] [GND] Attempt 1 failed: Supported sources: KBS, VCI, MSN, FMP. Got: TCBS. Retry in 5s…
2026-06-04 17:59:27 [WARNING] [GND] Attempt 2 failed: Supported sources: KBS, VCI, MSN, FMP. Got: TCBS. Retry in 10s…
2026-06-04 17:59:37 [ERROR] [GND] All 3 attempts failed: Supported sources: KBS, VCI, MSN, FMP. Got: TCBS
2026-06-04 17:59:37 [WARNING] [GND] Attempt 1 failed: Supported sources: KBS, VCI, MSN, FMP. Got: TCBS. Retry in 5s…
2026-06-04 17:59:42 [WARNING] [GND] Attempt 2 failed: Supported sources: KBS, VCI, MSN, FMP. Got: TCBS. Retry in 10s…
2026-06-04 17:59:52 [ERROR] [GND] All 3 attempts failed: Supported sources: KBS, VCI, MSN, FMP. Got: TCBS
2026-06-04 17:59:52 [WARNING] [GND] Attempt 1 failed: Supported sources: KBS, VCI, MSN, FMP. Got: TCBS. Retry in 5s…
2026-06-04 17:59:57 [WARNING] [GND] Attempt 2 failed: Supported sources: KBS, VCI, MSN, FMP. Got: TCBS. Retry in 10s…
2026-06-04 18:00:07 [ERROR] [GND] All 3 attempts failed: Supported sources: KBS, VCI, MSN, FMP. Got: TCBS
2026-06-04 18:00:07 [WARNING] [GND] Attempt 1 failed: Supported sources: KBS, VCI, MSN, FMP. Got: TCBS. Retry in 5s…
2026-06-04 18:00:12 [WARNING] [GND] Attempt 2 failed: Supported sources: KBS, VCI, MSN, FMP. Got: TCBS. Retry in 10s…
2026-06-04 18:00:22 [ERROR] [GND] All 3 attempts failed: Supported sources: KBS, VCI, MSN, FMP. Got: TCBS
2026-06-04 18:00:22 [WARNING]   [GND] No data returned — skipping.
2026-06-04 18:00:22 [INFO] [ 32/350] HMS
2026-06-04 18:00:24 [WARNING] [HMS] Attempt 1 failed: 'Trading' object has no attribute 'history'. Retry in 5s…
2026-06-04 18:00:31 [WARNING] [HMS] Attempt 2 failed: 'Trading' object has no attribute 'history'. Retry in 10s…
2026-06-04 18:00:43 [ERROR] [HMS] All 3 attempts failed: 'Trading' object has no attribute 'history'
2026-06-04 18:00:43 [WARNING] [HMS] Attempt 1 failed: Supported sources: KBS, VCI, MSN, FMP. Got: TCBS. Retry in 5s…
2026-06-04 18:00:48 [WARNING] [HMS] Attempt 2 failed: Supported sources: KBS, VCI, MSN, FMP. Got: TCBS. Retry in 10s…
2026-06-04 18:00:58 [ERROR] [HMS] All 3 attempts failed: Supported sources: KBS, VCI, MSN, FMP. Got: TCBS
2026-06-04 18:00:58 [WARNING] [HMS] Attempt 1 failed: Supported sources: KBS, VCI, MSN, FMP. Got: TCBS. Retry in 5s…
2026-06-04 18:01:03 [WARNING] [HMS] Attempt 2 failed: Supported sources: KBS, VCI, MSN, FMP. Got: TCBS. Retry in 10s…
2026-06-04 18:01:13 [ERROR] [HMS] All 3 attempts failed: Supported sources: KBS, VCI, MSN, FMP. Got: TCBS
2026-06-04 18:01:13 [WARNING] [HMS] Attempt 1 failed: Supported sources: KBS, VCI, MSN, FMP. Got: TCBS. Retry in 5s…
2026-06-04 18:01:18 [WARNING] [HMS] Attempt 2 failed: Supported sources: KBS, VCI, MSN, FMP. Got: TCBS. Retry in 10s…
2026-06-04 18:01:28 [ERROR] [HMS] All 3 attempts failed: Supported sources: KBS, VCI, MSN, FMP. Got: TCBS
2026-06-04 18:01:28 [WARNING] [HMS] Attempt 1 failed: Supported sources: KBS, VCI, MSN, FMP. Got: TCBS. Retry in 5s…
2026-06-04 18:01:33 [WARNING] [HMS] Attempt 2 failed: Supported sources: KBS, VCI, MSN, FMP. Got: TCBS. Retry in 10s…
2026-06-04 18:01:43 [ERROR] [HMS] All 3 attempts failed: Supported sources: KBS, VCI, MSN, FMP. Got: TCBS
2026-06-04 18:01:43 [WARNING] [HMS] Attempt 1 failed: Supported sources: KBS, VCI, MSN, FMP. Got: TCBS. Retry in 5s…
2026-06-04 18:01:48 [WARNING] [HMS] Attempt 2 failed: Supported sources: KBS, VCI, MSN, FMP. Got: TCBS. Retry in 10s…
2026-06-04 18:01:58 [ERROR] [HMS] All 3 attempts failed: Supported sources: KBS, VCI, MSN, FMP. Got: TCBS
2026-06-04 18:01:58 [WARNING] [HMS] Attempt 1 failed: Supported sources: KBS, VCI, MSN, FMP. Got: TCBS. Retry in 5s…
2026-06-04 18:02:03 [WARNING] [HMS] Attempt 2 failed: Supported sources: KBS, VCI, MSN, FMP. Got: TCBS. Retry in 10s…
2026-06-04 18:02:13 [ERROR] [HMS] All 3 attempts failed: Supported sources: KBS, VCI, MSN, FMP. Got: TCBS
2026-06-04 18:02:13 [WARNING]   [HMS] No data returned — skipping.
2026-06-04 18:02:13 [INFO] [ 33/350] IVS
2026-06-04 18:02:14 [WARNING] [IVS] Attempt 1 failed: 'Trading' object has no attribute 'history'. Retry in 5s…
2026-06-04 18:02:21 [WARNING] [IVS] Attempt 2 failed: 'Trading' object has no attribute 'history'. Retry in 10s…
2026-06-04 18:02:33 [ERROR] [IVS] All 3 attempts failed: 'Trading' object has no attribute 'history'
2026-06-04 18:02:33 [WARNING] [IVS] Attempt 1 failed: Supported sources: KBS, VCI, MSN, FMP. Got: TCBS. Retry in 5s…
2026-06-04 18:02:38 [WARNING] [IVS] Attempt 2 failed: Supported sources: KBS, VCI, MSN, FMP. Got: TCBS. Retry in 10s…
2026-06-04 18:02:48 [ERROR] [IVS] All 3 attempts failed: Supported sources: KBS, VCI, MSN, FMP. Got: TCBS
2026-06-04 18:02:48 [WARNING] [IVS] Attempt 1 failed: Supported sources: KBS, VCI, MSN, FMP. Got: TCBS. Retry in 5s…
2026-06-04 18:02:53 [WARNING] [IVS] Attempt 2 failed: Supported sources: KBS, VCI, MSN, FMP. Got: TCBS. Retry in 10s…
2026-06-04 18:03:03 [ERROR] [IVS] All 3 attempts failed: Supported sources: KBS, VCI, MSN, FMP. Got: TCBS
2026-06-04 18:03:03 [WARNING] [IVS] Attempt 1 failed: Supported sources: KBS, VCI, MSN, FMP. Got: TCBS. Retry in 5s…
2026-06-04 18:03:08 [WARNING] [IVS] Attempt 2 failed: Supported sources: KBS, VCI, MSN, FMP. Got: TCBS. Retry in 10s…
2026-06-04 18:03:18 [ERROR] [IVS] All 3 attempts failed: Supported sources: KBS, VCI, MSN, FMP. Got: TCBS
2026-06-04 18:03:18 [WARNING] [IVS] Attempt 1 failed: Supported sources: KBS, VCI, MSN, FMP. Got: TCBS. Retry in 5s…
2026-06-04 18:03:23 [WARNING] [IVS] Attempt 2 failed: Supported sources: KBS, VCI, MSN, FMP. Got: TCBS. Retry in 10s…
2026-06-04 18:03:33 [ERROR] [IVS] All 3 attempts failed: Supported sources: KBS, VCI, MSN, FMP. Got: TCBS
2026-06-04 18:03:33 [WARNING] [IVS] Attempt 1 failed: Supported sources: KBS, VCI, MSN, FMP. Got: TCBS. Retry in 5s…
2026-06-04 18:03:38 [WARNING] [IVS] Attempt 2 failed: Supported sources: KBS, VCI, MSN, FMP. Got: TCBS. Retry in 10s…
2026-06-04 18:03:48 [ERROR] [IVS] All 3 attempts failed: Supported sources: KBS, VCI, MSN, FMP. Got: TCBS
2026-06-04 18:03:48 [WARNING] [IVS] Attempt 1 failed: Supported sources: KBS, VCI, MSN, FMP. Got: TCBS. Retry in 5s…
2026-06-04 18:03:53 [WARNING] [IVS] Attempt 2 failed: Supported sources: KBS, VCI, MSN, FMP. Got: TCBS. Retry in 10s…
2026-06-04 18:04:03 [ERROR] [IVS] All 3 attempts failed: Supported sources: KBS, VCI, MSN, FMP. Got: TCBS
2026-06-04 18:04:03 [WARNING]   [IVS] No data returned — skipping.
2026-06-04 18:04:03 [INFO] [ 34/350] HHS
2026-06-04 18:04:04 [WARNING] [HHS] Attempt 1 failed: 'Trading' object has no attribute 'history'. Retry in 5s…
2026-06-04 18:04:11 [WARNING] [HHS] Attempt 2 failed: 'Trading' object has no attribute 'history'. Retry in 10s…
2026-06-04 18:04:23 [ERROR] [HHS] All 3 attempts failed: 'Trading' object has no attribute 'history'
2026-06-04 18:04:23 [WARNING] [HHS] Attempt 1 failed: Supported sources: KBS, VCI, MSN, FMP. Got: TCBS. Retry in 5s…
2026-06-04 18:04:28 [WARNING] [HHS] Attempt 2 failed: Supported sources: KBS, VCI, MSN, FMP. Got: TCBS. Retry in 10s…
2026-06-04 18:04:38 [ERROR] [HHS] All 3 attempts failed: Supported sources: KBS, VCI, MSN, FMP. Got: TCBS
2026-06-04 18:04:38 [WARNING] [HHS] Attempt 1 failed: Supported sources: KBS, VCI, MSN, FMP. Got: TCBS. Retry in 5s…
2026-06-04 18:04:43 [WARNING] [HHS] Attempt 2 failed: Supported sources: KBS, VCI, MSN, FMP. Got: TCBS. Retry in 10s…
2026-06-04 18:04:53 [ERROR] [HHS] All 3 attempts failed: Supported sources: KBS, VCI, MSN, FMP. Got: TCBS
2026-06-04 18:04:53 [WARNING] [HHS] Attempt 1 failed: Supported sources: KBS, VCI, MSN, FMP. Got: TCBS. Retry in 5s…
2026-06-04 18:04:58 [WARNING] [HHS] Attempt 2 failed: Supported sources: KBS, VCI, MSN, FMP. Got: TCBS. Retry in 10s…
2026-06-04 18:05:08 [ERROR] [HHS] All 3 attempts failed: Supported sources: KBS, VCI, MSN, FMP. Got: TCBS
2026-06-04 18:05:08 [WARNING] [HHS] Attempt 1 failed: Supported sources: KBS, VCI, MSN, FMP. Got: TCBS. Retry in 5s…
2026-06-04 18:05:13 [WARNING] [HHS] Attempt 2 failed: Supported sources: KBS, VCI, MSN, FMP. Got: TCBS. Retry in 10s…
2026-06-04 18:05:23 [ERROR] [HHS] All 3 attempts failed: Supported sources: KBS, VCI, MSN, FMP. Got: TCBS
2026-06-04 18:05:23 [WARNING] [HHS] Attempt 1 failed: Supported sources: KBS, VCI, MSN, FMP. Got: TCBS. Retry in 5s…
2026-06-04 18:05:28 [WARNING] [HHS] Attempt 2 failed: Supported sources: KBS, VCI, MSN, FMP. Got: TCBS. Retry in 10s…
2026-06-04 18:05:38 [ERROR] [HHS] All 3 attempts failed: Supported sources: KBS, VCI, MSN, FMP. Got: TCBS
2026-06-04 18:05:38 [WARNING] [HHS] Attempt 1 failed: Supported sources: KBS, VCI, MSN, FMP. Got: TCBS. Retry in 5s…
2026-06-04 18:05:43 [WARNING] [HHS] Attempt 2 failed: Supported sources: KBS, VCI, MSN, FMP. Got: TCBS. Retry in 10s…
2026-06-04 18:05:53 [ERROR] [HHS] All 3 attempts failed: Supported sources: KBS, VCI, MSN, FMP. Got: TCBS
2026-06-04 18:05:53 [WARNING]   [HHS] No data returned — skipping.
2026-06-04 18:05:53 [INFO] [ 35/350] ATS
2026-06-04 18:05:55 [WARNING] [ATS] Attempt 1 failed: 'Trading' object has no attribute 'history'. Retry in 5s…
2026-06-04 18:06:01 [WARNING] [ATS] Attempt 2 failed: 'Trading' object has no attribute 'history'. Retry in 10s…
2026-06-04 18:06:14 [ERROR] [ATS] All 3 attempts failed: 'Trading' object has no attribute 'history'
2026-06-04 18:06:14 [WARNING] [ATS] Attempt 1 failed: Supported sources: KBS, VCI, MSN, FMP. Got: TCBS. Retry in 5s…
2026-06-04 18:06:19 [WARNING] [ATS] Attempt 2 failed: Supported sources: KBS, VCI, MSN, FMP. Got: TCBS. Retry in 10s…
2026-06-04 18:06:29 [ERROR] [ATS] All 3 attempts failed: Supported sources: KBS, VCI, MSN, FMP. Got: TCBS
2026-06-04 18:06:29 [WARNING] [ATS] Attempt 1 failed: Supported sources: KBS, VCI, MSN, FMP. Got: TCBS. Retry in 5s…
2026-06-04 18:06:34 [WARNING] [ATS] Attempt 2 failed: Supported sources: KBS, VCI, MSN, FMP. Got: TCBS. Retry in 10s…
2026-06-04 18:06:44 [ERROR] [ATS] All 3 attempts failed: Supported sources: KBS, VCI, MSN, FMP. Got: TCBS
2026-06-04 18:06:44 [WARNING] [ATS] Attempt 1 failed: Supported sources: KBS, VCI, MSN, FMP. Got: TCBS. Retry in 5s…
2026-06-04 18:06:49 [WARNING] [ATS] Attempt 2 failed: Supported sources: KBS, VCI, MSN, FMP. Got: TCBS. Retry in 10s…
2026-06-04 18:06:59 [ERROR] [ATS] All 3 attempts failed: Supported sources: KBS, VCI, MSN, FMP. Got: TCBS
2026-06-04 18:06:59 [WARNING] [ATS] Attempt 1 failed: Supported sources: KBS, VCI, MSN, FMP. Got: TCBS. Retry in 5s…
2026-06-04 18:07:04 [WARNING] [ATS] Attempt 2 failed: Supported sources: KBS, VCI, MSN, FMP. Got: TCBS. Retry in 10s…
2026-06-04 18:07:14 [ERROR] [ATS] All 3 attempts failed: Supported sources: KBS, VCI, MSN, FMP. Got: TCBS
2026-06-04 18:07:14 [WARNING] [ATS] Attempt 1 failed: Supported sources: KBS, VCI, MSN, FMP. Got: TCBS. Retry in 5s…
2026-06-04 18:07:19 [WARNING] [ATS] Attempt 2 failed: Supported sources: KBS, VCI, MSN, FMP. Got: TCBS. Retry in 10s…
2026-06-04 18:07:29 [ERROR] [ATS] All 3 attempts failed: Supported sources: KBS, VCI, MSN, FMP. Got: TCBS
2026-06-04 18:07:29 [WARNING] [ATS] Attempt 1 failed: Supported sources: KBS, VCI, MSN, FMP. Got: TCBS. Retry in 5s…
2026-06-04 18:07:34 [WARNING] [ATS] Attempt 2 failed: Supported sources: KBS, VCI, MSN, FMP. Got: TCBS. Retry in 10s…
2026-06-04 18:07:44 [ERROR] [ATS] All 3 attempts failed: Supported sources: KBS, VCI, MSN, FMP. Got: TCBS
2026-06-04 18:07:44 [WARNING]   [ATS] No data returned — skipping.
2026-06-04 18:07:44 [INFO] [ 36/350] BTG
2026-06-04 18:07:46 [WARNING] [BTG] Attempt 1 failed: 'Trading' object has no attribute 'history'. Retry in 5s…
2026-06-04 18:07:53 [WARNING] [BTG] Attempt 2 failed: 'Trading' object has no attribute 'history'. Retry in 10s…
2026-06-04 18:08:04 [ERROR] [BTG] All 3 attempts failed: 'Trading' object has no attribute 'history'
2026-06-04 18:08:04 [WARNING] [BTG] Attempt 1 failed: Supported sources: KBS, VCI, MSN, FMP. Got: TCBS. Retry in 5s…
2026-06-04 18:08:09 [WARNING] [BTG] Attempt 2 failed: Supported sources: KBS, VCI, MSN, FMP. Got: TCBS. Retry in 10s…
2026-06-04 18:08:19 [ERROR] [BTG] All 3 attempts failed: Supported sources: KBS, VCI, MSN, FMP. Got: TCBS
2026-06-04 18:08:19 [WARNING] [BTG] Attempt 1 failed: Supported sources: KBS, VCI, MSN, FMP. Got: TCBS. Retry in 5s…
2026-06-04 18:08:24 [WARNING] [BTG] Attempt 2 failed: Supported sources: KBS, VCI, MSN, FMP. Got: TCBS. Retry in 10s…
2026-06-04 18:08:34 [ERROR] [BTG] All 3 attempts failed: Supported sources: KBS, VCI, MSN, FMP. Got: TCBS
2026-06-04 18:08:34 [WARNING] [BTG] Attempt 1 failed: Supported sources: KBS, VCI, MSN, FMP. Got: TCBS. Retry in 5s…
2026-06-04 18:08:39 [WARNING] [BTG] Attempt 2 failed: Supported sources: KBS, VCI, MSN, FMP. Got: TCBS. Retry in 10s…
2026-06-04 18:08:49 [ERROR] [BTG] All 3 attempts failed: Supported sources: KBS, VCI, MSN, FMP. Got: TCBS
2026-06-04 18:08:49 [WARNING] [BTG] Attempt 1 failed: Supported sources: KBS, VCI, MSN, FMP. Got: TCBS. Retry in 5s…
2026-06-04 18:08:54 [WARNING] [BTG] Attempt 2 failed: Supported sources: KBS, VCI, MSN, FMP. Got: TCBS. Retry in 10s…
2026-06-04 18:09:04 [ERROR] [BTG] All 3 attempts failed: Supported sources: KBS, VCI, MSN, FMP. Got: TCBS
2026-06-04 18:09:04 [WARNING] [BTG] Attempt 1 failed: Supported sources: KBS, VCI, MSN, FMP. Got: TCBS. Retry in 5s…
2026-06-04 18:09:09 [WARNING] [BTG] Attempt 2 failed: Supported sources: KBS, VCI, MSN, FMP. Got: TCBS. Retry in 10s…
2026-06-04 18:09:19 [ERROR] [BTG] All 3 attempts failed: Supported sources: KBS, VCI, MSN, FMP. Got: TCBS
2026-06-04 18:09:19 [WARNING] [BTG] Attempt 1 failed: Supported sources: KBS, VCI, MSN, FMP. Got: TCBS. Retry in 5s…
2026-06-04 18:09:24 [WARNING] [BTG] Attempt 2 failed: Supported sources: KBS, VCI, MSN, FMP. Got: TCBS. Retry in 10s…
2026-06-04 18:09:34 [ERROR] [BTG] All 3 attempts failed: Supported sources: KBS, VCI, MSN, FMP. Got: TCBS
2026-06-04 18:09:34 [WARNING]   [BTG] No data returned — skipping.
2026-06-04 18:09:34 [INFO] [ 37/350] PIV
2026-06-04 18:09:36 [WARNING] [PIV] Attempt 1 failed: 'Trading' object has no attribute 'history'. Retry in 5s…
2026-06-04 18:09:43 [WARNING] [PIV] Attempt 2 failed: 'Trading' object has no attribute 'history'. Retry in 10s…
2026-06-04 18:09:54 [ERROR] [PIV] All 3 attempts failed: 'Trading' object has no attribute 'history'
2026-06-04 18:09:54 [WARNING] [PIV] Attempt 1 failed: Supported sources: KBS, VCI, MSN, FMP. Got: TCBS. Retry in 5s…
2026-06-04 18:09:59 [WARNING] [PIV] Attempt 2 failed: Supported sources: KBS, VCI, MSN, FMP. Got: TCBS. Retry in 10s…
